Microchip MPLAB XC8 Compiler V2.45

Linker command line:

-W-3 \
  --edf=C:\Program Files\Microchip\xc8\v2.45\pic\dat\20230818022343_en.msgs \
  -pivt0x8=08h -cn -h+dist/default/debug\MacroP2.X.debug.sym \
  --cmf=dist/default/debug\MacroP2.X.debug.cmf -z -Q18F46K42 \
  -oC:\Users\mesas\AppData\Local\Temp\xcCsn8s.2\driver_tmp_3.o \
  --defsym=__MPLAB_BUILD=1 --fixupoverflow=error \
  -Mdist/default/debug/MacroP2.X.debug.map \
  --md=C:\Users\mesas\AppData\Local\Temp\xcCsn8s.2\driver_tmp_0.dat -E1 \
  -ver=XC8 Compiler --acfsm=1493 -ACODE=00h-0FFFFh -ACONST=00h-0FFFFh \
  -ASMALLCONST=01000h-010FFhx240 -AMEDIUMCONST=01000h-0FFFFh \
  -ACOMRAM=01h-05Fh -AABS1=00h-0FFFh -ABIGRAM=01h-0FFFh \
  -ARAM=060h-0FFh,0100h-01FFhx15 -ABANK0=060h-0FFh -ABANK1=0100h-01FFh \
  -ABANK2=0200h-02FFh -ABANK3=0300h-03FFh -ABANK4=0400h-04FFh \
  -ABANK5=0500h-05FFh -ABANK6=0600h-06FFh -ABANK7=0700h-07FFh \
  -ABANK8=0800h-08FFh -ABANK9=0900h-09FFh -ABANK10=0A00h-0AFFh \
  -ABANK11=0B00h-0BFFh -ABANK12=0C00h-0CFFh -ABANK13=0D00h-0DFFh \
  -ABANK14=0E00h-0EFFh -ABANK15=0F00h-0FFFh \
  -ASFR=03800h-038FFhx7,03F00h-03F5Fh,03F60h-03FFFh -ABIGSFR=03800h-03FFFh \
  -ACONFIG=0300000h-0300009h -AIDLOC=0200000h-020000Fh \
  -AEEDATA=0310000h-03103FFh -peeprom_data=EEDATA -preset_vec=00h \
  -ppowerup=CODE,init -pramtop=01000h -psmallconst=SMALLCONST \
  -pmediumconst=MEDIUMCONST -pconst=CONST -AFARRAM=00h-00h \
  -prdata=COMRAM,nvrram=COMRAM,nvbit=COMRAM,rbss=COMRAM,rbit=COMRAM \
  -pfarbss=FARRAM,fardata=FARRAM,nvFARRAM=FARRAM \
  -pintsave_regs=BIGRAM,bigbss=BIGRAM,bigdata=BIGRAM -pbss=RAM \
  -pidata=CODE,irdata=CODE,ibigdata=CODE,ifardata=CODE -prparam=COMRAM \
  C:\Users\mesas\AppData\Local\Temp\xcCsn8s.2\driver_tmp_14.o \
  dist/default/debug\MacroP2.X.debug.o 

Object code version is 3.11

Machine type is 18F46K42



                Name                               Link     Load   Length Selector   Space Scale
C:\Users\mesas\AppData\Local\Temp\xcCsn8s.2\driver_tmp_14.o
                config                           300000   300000        A        0       4
                init                                 1A       1A        4        4       0
                reset_vec                             0        0        4        0       0
dist/default/debug\MacroP2.X.debug.o
                config                           300000   300000        A        0       4
                smallconst                         1000     1000       5A      800       0
                ivt0x8                                8        8       12        4       0
                text40                             2B86     2B86       32      82D       0
                text39                             2D28     2D28        2      82D       0
                text38                             2B54     2B54       32      82D       0
                text37                             2C90     2C90       1A      82D       0
                text36                             2BE6     2BE6       2A      82D       0
                text35                             2410     2410      104      82D       0
                text34                             2308     2308      108      82D       0
                text33                             2154     2154      1B4      82D       0
                text32                             1968     1968      39A      82D       0
                text31                             151A     151A      44E      82D       0
                text30                             105A     105A      4C0      82D       0
                text29                             29FC     29FC       46      82D       0
                text28                             2514     2514       FA      82D       0
                text27                             260E     260E       C4      82D       0
                text26                             26D2     26D2       B0      82D       0
                text25                             2AEE     2AEE       34      82D       0
                text24                             2D0E     2D0E        A      82D       0
                text23                             282E     282E       AC      82D       0
                text22                             1F86     1F86      1CE      82D       0
                text21                             2A42     2A42       42      82D       0
                text20                             2ABA     2ABA       34      82D       0
                text19                             1D02     1D02      284      82D       0
                text18                             2A84     2A84       36      82D       0
                text17                             294A     294A       5C      82D       0
                text16                             2CDA     2CDA        C      82D       0
                text15                             2D18     2D18        8      82D       0
                text14                             2C34     2C34       22      82D       0
                text13                             2D24     2D24        4      82D       0
                text12                             2CC2     2CC2       18      82D       0
                text11                             2782     2782       AC      82D       0
                text10                             2C10     2C10       24      82D       0
                text9                              2CAA     2CAA       18      82D       0
                text8                              2C56     2C56       1E      82D       0
                text7                              2D04     2D04        A      82D       0
                text6                              2BB8     2BB8       2E      82D       0
                text5                              2CFA     2CFA        A      82D       0
                text4                              2CF0     2CF0        A      82D       0
                text3                              2CE6     2CE6        A      82D       0
                text2                              28DA     28DA       70      82D       0
                text1                              2B22     2B22       32      82D       0
                text0                              2C74     2C74       1C      82D       0
                cstackCOMRAM                          1        1       5E        1       1
                cstackBANK0                          D5       D5       18       60       1
                cstackBANK1                         100      100        4      100       1
                bssBIGRAM                           104      104      200      104       1
                dataBANK0                            F5       F5        4       60       1
                bssBANK0                             60       60       75       60       1
                bssCOMRAM                            5F       5F        1        1       1
                cinit                              29A6     29A6       56      82D       0
                nvBANK0                              ED       ED        8       60       1
                idataBANK0                         2D20     2D20        4      82D       0

TOTAL           Name                               Link     Load   Length     Space
        CLASS   CODE           
                init                                 1A       1A        4         0
                reset_vec                             0        0        4         0
                ivt0x8                                8        8       12         0
                text40                             2B86     2B86       32         0
                text39                             2D28     2D28        2         0
                text38                             2B54     2B54       32         0
                text37                             2C90     2C90       1A         0
                text36                             2BE6     2BE6       2A         0
                text35                             2410     2410      104         0
                text34                             2308     2308      108         0
                text33                             2154     2154      1B4         0
                text32                             1968     1968      39A         0
                text31                             151A     151A      44E         0
                text30                             105A     105A      4C0         0
                text29                             29FC     29FC       46         0
                text28                             2514     2514       FA         0
                text27                             260E     260E       C4         0
                text26                             26D2     26D2       B0         0
                text25                             2AEE     2AEE       34         0
                text24                             2D0E     2D0E        A         0
                text23                             282E     282E       AC         0
                text22                             1F86     1F86      1CE         0
                text21                             2A42     2A42       42         0
                text20                             2ABA     2ABA       34         0
                text19                             1D02     1D02      284         0
                text18                             2A84     2A84       36         0
                text17                             294A     294A       5C         0
                text16                             2CDA     2CDA        C         0
                text15                             2D18     2D18        8         0
                text14                             2C34     2C34       22         0
                text13                             2D24     2D24        4         0
                text12                             2CC2     2CC2       18         0
                text11                             2782     2782       AC         0
                text10                             2C10     2C10       24         0
                text9                              2CAA     2CAA       18         0
                text8                              2C56     2C56       1E         0
                text7                              2D04     2D04        A         0
                text6                              2BB8     2BB8       2E         0
                text5                              2CFA     2CFA        A         0
                text4                              2CF0     2CF0        A         0
                text3                              2CE6     2CE6        A         0
                text2                              28DA     28DA       70         0
                text1                              2B22     2B22       32         0
                text0                              2C74     2C74       1C         0
                cinit                              29A6     29A6       56         0
                idataBANK0                         2D20     2D20        4         0

        CLASS   CONST          

        CLASS   SMALLCONST     
                smallconst                         1000     1000       5A         0

        CLASS   MEDIUMCONST    

        CLASS   COMRAM         
                cstackCOMRAM                          1        1       5E         1
                bssCOMRAM                            5F       5F        1         1

        CLASS   ABS1           

        CLASS   BIGRAM         
                bssBIGRAM                           104      104      200         1

        CLASS   RAM            

        CLASS   BANK0          
                cstackBANK0                          D5       D5       18         1
                dataBANK0                            F5       F5        4         1
                bssBANK0                             60       60       75         1
                nvBANK0                              ED       ED        8         1

        CLASS   BANK1          
                cstackBANK1                         100      100        4         1

        CLASS   BANK2          

        CLASS   BANK3          

        CLASS   BANK4          

        CLASS   BANK5          

        CLASS   BANK6          

        CLASS   BANK7          

        CLASS   BANK8          

        CLASS   BANK9          

        CLASS   BANK10         

        CLASS   BANK11         

        CLASS   BANK12         

        CLASS   BANK13         

        CLASS   BANK14         

        CLASS   BANK15         

        CLASS   SFR            

        CLASS   BIGSFR         

        CLASS   CONFIG         
                config                           300000   300000        A         4

        CLASS   IDLOC          

        CLASS   EEDATA         

        CLASS   FARRAM         

        CLASS   HEAP           

        CLASS   STACK          



SEGMENTS        Name                           Load    Length   Top    Selector   Space  Class

                reset_vec                      000000  000004  000004         0       0  CODE    
                cstackCOMRAM                   000001  00005F  000060         1       1  COMRAM  
                ivt0x8                         000008  000016  00001E         4       0  CODE    
                bssBANK0                       000060  000099  0000F9        60       1  BANK0   
                cstackBANK1                    000100  000004  000104       100       1  BANK1   
                bssBIGRAM                      000104  000200  000304       104       1  BIGRAM  
                smallconst                     001000  00005A  00105A       800       0  SMALLCON
                text30                         00105A  001CD0  002D2A       82D       0  CODE    


UNUSED ADDRESS RANGES

        Name                Unused          Largest block    Delta
        BANK0            0000F9-0000FF                7
        BANK10           000A00-000AFF              100
        BANK11           000B00-000BFF              100
        BANK12           000C00-000CFF              100
        BANK13           000D00-000DFF              100
        BANK14           000E00-000EFF              100
        BANK15           000F00-000FFF              100
        BANK3            000304-0003FF               FC
        BANK4            000400-0004FF              100
        BANK5            000500-0005FF              100
        BANK6            000600-0006FF              100
        BANK7            000700-0007FF              100
        BANK8            000800-0008FF              100
        BANK9            000900-0009FF              100
        BIGRAM           0000F9-0000FF                7
                         000304-000FFF              CFC
        BIGSFR           003800-003FFF              800
        CODE             000004-000007                4
                         00001E-000FFF              FE2
                         002D2A-00FFFF             D2D6
        CONST            000004-000007                4
                         00001E-000FFF              FE2
                         002D2A-00FFFF             D2D6
        EEDATA           310000-3103FF              400
        IDLOC            200000-20000F               10
        MEDIUMCONST      002D2A-00FFFF             D2D6
        RAM              0000F9-0000FF                7
                         000304-000FFF              100
        SFR              003800-003FFF              100
        SMALLCONST       002D2A-00FFFF              100

                                  Symbol Table

?_ADCC_GetSingleConversion                    cstackCOMRAM 000001
?___awdiv                                     cstackCOMRAM 000001
?___awmod                                     cstackCOMRAM 000001
?___fladd                                     cstackCOMRAM 000001
?___fldiv                                     cstackCOMRAM 000032
?___flmul                                     cstackCOMRAM 000019
?___flsub                                     cstackCOMRAM 000011
?___fltol                                     cstackBANK0  0000D9
?___xxtofl                                    cstackCOMRAM 000006
?_abs                                         cstackCOMRAM 000007
?_map                                         cstackCOMRAM 00004B
?_sprintf                                     cstackCOMRAM 00001A
?_vfprintf                                    cstackCOMRAM 000016
ADCC_GetSingleConversion@channel              cstackCOMRAM 000005
INTERRUPT_InterruptManager@mapeado            cstackBANK0  0000EB
IVTBASEH                                      (abs)        003FD6
IVTBASEL                                      (abs)        003FD5
IVTBASEU                                      (abs)        003FD7
PWM5_LoadDutyValue@dutyValue                  cstackBANK1  000100
TMR6_SetInterruptHandler@InterruptHandler     cstackBANK1  000100
UART1_SetErrorHandler@interruptHandler        cstackBANK1  000100
UART1_SetFramingErrorHandler@interruptHandler cstackBANK1  000100
UART1_SetOverrunErrorHandler@interruptHandler cstackBANK1  000100
UART1_Write@txData                            cstackCOMRAM 000001
UART_SendString@str                           cstackCOMRAM 000002
_ADACCH                                       (abs)        003EE9
_ADACCL                                       (abs)        003EE8
_ADACCU                                       (abs)        003EEA
_ADACQH                                       (abs)        003EF4
_ADACQL                                       (abs)        003EF3
_ADACT                                        (abs)        003EFE
_ADCAP                                        (abs)        003EF5
_ADCC_GetSingleConversion                     text40       002B86
_ADCC_Initialize                              text17       00294A
_ADCLK                                        (abs)        003EFF
_ADCNT                                        (abs)        003EEB
_ADCON0                                       (abs)        003EF8
_ADCON0bits                                   (abs)        003EF8
_ADCON1                                       (abs)        003EF9
_ADCON1bits                                   (abs)        003EF9
_ADCON2                                       (abs)        003EFA
_ADCON2bits                                   (abs)        003EFA
_ADCON3                                       (abs)        003EFB
_ADCON3bits                                   (abs)        003EFB
_ADC_0_Grados                                 bssBANK0     0000BE
_ADC_90_Grados                                bssBANK0     0000BC
_ADERRH                                       (abs)        003EE3
_ADERRL                                       (abs)        003EE2
_ADFLTRH                                      (abs)        003EE7
_ADFLTRL                                      (abs)        003EE6
_ADLTHH                                       (abs)        003EDF
_ADLTHL                                       (abs)        003EDE
_ADPCH                                        (abs)        003EF1
_ADPREH                                       (abs)        003EF7
_ADPREL                                       (abs)        003EF6
_ADPREVH                                      (abs)        003EEE
_ADPREVL                                      (abs)        003EED
_ADREF                                        (abs)        003EFD
_ADRESH                                       (abs)        003EF0
_ADRESL                                       (abs)        003EEF
_ADRPT                                        (abs)        003EEC
_ADSTAT                                       (abs)        003EFC
_ADSTATbits                                   (abs)        003EFC
_ADSTPTH                                      (abs)        003EE5
_ADSTPTL                                      (abs)        003EE4
_ADUTHH                                       (abs)        003EE1
_ADUTHL                                       (abs)        003EE0
_ANSELA                                       (abs)        003A40
_ANSELB                                       (abs)        003A50
_ANSELC                                       (abs)        003A60
_ANSELD                                       (abs)        003A70
_ANSELE                                       (abs)        003A80
_CCPTMRS1bits                                 (abs)        003F5F
_DAC1CON0                                     (abs)        003E9E
_DAC1CON1                                     (abs)        003E9C
_DAC1_Initialize                              text16       002CDA
_FVRCON                                       (abs)        003EC1
_FVRCONbits                                   (abs)        003EC1
_FVR_Initialize                               text15       002D18
_I2C1CLK                                      (abs)        003D7B
_I2C1CNT                                      (abs)        003D6C
_I2C1CON0                                     (abs)        003D73
_I2C1CON0bits                                 (abs)        003D73
_I2C1CON1                                     (abs)        003D74
_I2C1CON1bits                                 (abs)        003D74
_I2C1CON2                                     (abs)        003D75
_I2C1ERR                                      (abs)        003D76
_I2C1ERRbits                                  (abs)        003D76
_I2C1PIE                                      (abs)        003D7A
_I2C1PIEbits                                  (abs)        003D7A
_I2C1PIR                                      (abs)        003D79
_I2C1PIRbits                                  (abs)        003D79
_I2C1RXB                                      (abs)        003D6A
_I2C1SCLPPS                                   (abs)        003AE1
_I2C1SDAPPS                                   (abs)        003AE2
_I2C1STAT1bits                                (abs)        003D78
_I2C1TXB                                      (abs)        003D6B
_I2C1_CallbackReturnReset                     (abs)        000000
_I2C1_CallbackReturnStop                      (abs)        000000
_I2C1_DO_ADDRESS_NACK                         (abs)        000000
_I2C1_DO_BUS_COLLISION                        (abs)        000000
_I2C1_DO_BUS_ERROR                            (abs)        000000
_I2C1_DO_IDLE                                 (abs)        000000
_I2C1_DO_RESET                                (abs)        000000
_I2C1_DO_RX                                   (abs)        000000
_I2C1_DO_RX_ACK                               (abs)        000000
_I2C1_DO_RX_EMPTY                             (abs)        000000
_I2C1_DO_RX_NACK_RESTART                      (abs)        000000
_I2C1_DO_RX_NACK_STOP                         (abs)        000000
_I2C1_DO_SEND_ADR_READ                        (abs)        000000
_I2C1_DO_SEND_ADR_WRITE                       (abs)        000000
_I2C1_DO_SEND_RESTART                         (abs)        000000
_I2C1_DO_SEND_RESTART_READ                    (abs)        000000
_I2C1_DO_SEND_RESTART_WRITE                   (abs)        000000
_I2C1_DO_SEND_STOP                            (abs)        000000
_I2C1_DO_TX                                   (abs)        000000
_I2C1_DO_TX_ACK                               (abs)        000000
_I2C1_DO_TX_EMPTY                             (abs)        000000
_I2C1_Initialize                              text14       002C34
_I2C1_Status                                  bssBANK0     000060
_INLVLA                                       (abs)        003A44
_INLVLB                                       (abs)        003A54
_INLVLC                                       (abs)        003A64
_INLVLD                                       (abs)        003A74
_INLVLE                                       (abs)        003A84
_INTCON0bits                                  (abs)        003FD2
_INTERRUPT_Initialize                         text13       002D24
_INTERRUPT_InterruptManager                   text19       001D02
_LATA                                         (abs)        003FBA
_LATB                                         (abs)        003FBB
_LATC                                         (abs)        003FBC
_LATD                                         (abs)        003FBD
_LATE                                         (abs)        003FBE
_ODCONA                                       (abs)        003A42
_ODCONB                                       (abs)        003A52
_ODCONC                                       (abs)        003A62
_ODCOND                                       (abs)        003A72
_ODCONE                                       (abs)        003A82
_OSCCON1                                      (abs)        0039D9
_OSCCON3                                      (abs)        0039DB
_OSCEN                                        (abs)        0039DD
_OSCFRQ                                       (abs)        0039DF
_OSCILLATOR_Initialize                        text12       002CC2
_OSCTUNE                                      (abs)        0039DE
_PIE2bits                                     (abs)        003992
_PIE3bits                                     (abs)        003993
_PIE9bits                                     (abs)        003999
_PIN_MANAGER_Initialize                       text11       002782
_PIR2bits                                     (abs)        0039A2
_PIR3bits                                     (abs)        0039A3
_PIR4bits                                     (abs)        0039A4
_PIR9bits                                     (abs)        0039A9
_PMD0                                         (abs)        0039C0
_PMD1                                         (abs)        0039C1
_PMD2                                         (abs)        0039C2
_PMD3                                         (abs)        0039C3
_PMD4                                         (abs)        0039C4
_PMD5                                         (abs)        0039C5
_PMD6                                         (abs)        0039C6
_PMD7                                         (abs)        0039C7
_PMD_Initialize                               text10       002C10
_PR2                                          (abs)        003FAB
_PR6                                          (abs)        003F93
_PWM5CON                                      (abs)        003F6E
_PWM5DCH                                      (abs)        003F6D
_PWM5DCL                                      (abs)        003F6C
_PWM5_Initialize                              text9        002CAA
_PWM5_LoadDutyValue                           text18       002A84
_RB1I2C                                       (abs)        003A5A
_RB1PPS                                       (abs)        003A09
_RB2I2C                                       (abs)        003A5B
_RB2PPS                                       (abs)        003A0A
_RC2PPS                                       (abs)        003A12
_RC3I2C                                       (abs)        003A6A
_RC4I2C                                       (abs)        003A6B
_RC6PPS                                       (abs)        003A16
_RD0I2C                                       (abs)        003A7A
_RD1I2C                                       (abs)        003A7B
_SLRCONA                                      (abs)        003A43
_SLRCONB                                      (abs)        003A53
_SLRCONC                                      (abs)        003A63
_SLRCOND                                      (abs)        003A73
_SLRCONE                                      (abs)        003A83
_SYSTEM_Initialize                            text1        002B22
_T2CLKCON                                     (abs)        003FAE
_T2CON                                        (abs)        003FAC
_T2CONbits                                    (abs)        003FAC
_T2HLT                                        (abs)        003FAD
_T2HLTbits                                    (abs)        003FAD
_T2PR                                         (abs)        003FAB
_T2RST                                        (abs)        003FAF
_T2RSTbits                                    (abs)        003FAF
_T2TMR                                        (abs)        003FAA
_T6CLKCON                                     (abs)        003F96
_T6CON                                        (abs)        003F94
_T6CONbits                                    (abs)        003F94
_T6HLT                                        (abs)        003F95
_T6HLTbits                                    (abs)        003F95
_T6PR                                         (abs)        003F93
_T6RST                                        (abs)        003F97
_T6RSTbits                                    (abs)        003F97
_T6TMR                                        (abs)        003F92
_TMR2                                         (abs)        003FAA
_TMR2_Initialize                              text8        002C56
_TMR6                                         (abs)        003F92
_TMR6_DefaultInterruptHandler                 text39       002D28
_TMR6_ISR                                     text38       002B54
_TMR6_Initialize                              text6        002BB8
_TMR6_InterruptHandler                        nvBANK0      0000ED
_TMR6_SetInterruptHandler                     text7        002D04
_TRISA                                        (abs)        003FC2
_TRISB                                        (abs)        003FC3
_TRISC                                        (abs)        003FC4
_TRISD                                        (abs)        003FC5
_TRISE                                        (abs)        003FC6
_U1BRGH                                       (abs)        003DF6
_U1BRGL                                       (abs)        003DF5
_U1CON0                                       (abs)        003DF2
_U1CON0bits                                   (abs)        003DF2
_U1CON1                                       (abs)        003DF3
_U1CON2                                       (abs)        003DF4
_U1ERRIE                                      (abs)        003DFA
_U1ERRIR                                      (abs)        003DF9
_U1ERRIRbits                                  (abs)        003DF9
_U1FIFO                                       (abs)        003DF7
_U1P1H                                        (abs)        003DED
_U1P1L                                        (abs)        003DEC
_U1P2H                                        (abs)        003DEF
_U1P2L                                        (abs)        003DEE
_U1P3H                                        (abs)        003DF1
_U1P3L                                        (abs)        003DF0
_U1RXB                                        (abs)        003DE8
_U1RXPPS                                      (abs)        003AE5
_U1TXB                                        (abs)        003DEA
_U1UIR                                        (abs)        003DF8
_UART1_DefaultErrorHandler                    (abs)        000000
_UART1_DefaultFramingErrorHandler             (abs)        000000
_UART1_DefaultOverrunErrorHandler             (abs)        000000
_UART1_ErrorHandler                           nvBANK0      0000EF
_UART1_FramingErrorHandler                    nvBANK0      0000F3
_UART1_Initialize                             text2        0028DA
_UART1_OverrunErrorHandler                    nvBANK0      0000F1
_UART1_SetErrorHandler                        text5        002CFA
_UART1_SetFramingErrorHandler                 text4        002CF0
_UART1_SetOverrunErrorHandler                 text3        002CE6
_UART1_Write                                  text37       002C90
_UART_SendString                              text36       002BE6
_WPUA                                         (abs)        003A41
_WPUB                                         (abs)        003A51
_WPUC                                         (abs)        003A61
_WPUD                                         (abs)        003A71
_WPUE                                         (abs)        003A81
__HRAM                                        (abs)        000000
__H__absolute__                               __absolute__ 000000
__Habs1                                       abs1         000000
__Hbank0                                      bank0        000000
__Hbank1                                      bank1        000000
__Hbank10                                     bank10       000000
__Hbank11                                     bank11       000000
__Hbank12                                     bank12       000000
__Hbank13                                     bank13       000000
__Hbank14                                     bank14       000000
__Hbank15                                     bank15       000000
__Hbank2                                      bank2        000000
__Hbank3                                      bank3        000000
__Hbank4                                      bank4        000000
__Hbank5                                      bank5        000000
__Hbank6                                      bank6        000000
__Hbank7                                      bank7        000000
__Hbank8                                      bank8        000000
__Hbank9                                      bank9        000000
__Hbigbss                                     bigbss       000000
__Hbigdata                                    bigdata      000000
__Hbigram                                     bigram       000000
__Hbigsfr                                     bigsfr       000000
__Hbss                                        bss          000000
__HbssBANK0                                   bssBANK0     000000
__HbssBIGRAM                                  bssBIGRAM    000000
__HbssCOMRAM                                  bssCOMRAM    000000
__Hcinit                                      cinit        000000
__Hclrtext                                    clrtext      000000
__Hcomram                                     comram       000000
__Hconfig                                     config       30000A
__Hconst                                      const        000000
__HcstackBANK0                                cstackBANK0  000000
__HcstackBANK1                                cstackBANK1  000000
__HcstackCOMRAM                               cstackCOMRAM 000000
__Hdata                                       data         000000
__HdataBANK0                                  dataBANK0    000000
__Heeprom_data                                eeprom_data  000000
__Hfarbss                                     farbss       000000
__Hfardata                                    fardata      000000
__Hheap                                       heap         000000
__Hibigdata                                   ibigdata     000000
__Hidata                                      idata        000000
__HidataBANK0                                 idataBANK0   000000
__Hidloc                                      idloc        000000
__Hifardata                                   ifardata     000000
__Hinit                                       init         00001E
__Hintsave_regs                               intsave_regs 000000
__Hirdata                                     irdata       000000
__Hivt0x8                                     ivt0x8       00001A
__Hmediumconst                                mediumconst  000000
__HnvBANK0                                    nvBANK0      000000
__HnvFARRAM                                   nvFARRAM     000000
__Hnvbit                                      nvbit        000000
__Hnvrram                                     nvrram       000000
__Hparam                                      rparam       000000
__Hpowerup                                    powerup      000000
__Hram                                        ram          000000
__Hramtop                                     ramtop       001000
__Hrbit                                       rbit         000000
__Hrbss                                       rbss         000000
__Hrdata                                      rdata        000000
__Hreset_vec                                  reset_vec    000004
__Hrparam                                     rparam       000000
__Hsfr                                        sfr          000000
__Hsmallconst                                 smallconst   00105A
__Hspace_0                                    (abs)        002D2A
__Hspace_1                                    (abs)        000304
__Hspace_2                                    (abs)        000000
__Hspace_4                                    (abs)        60000A
__Hstack                                      stack        000000
__Hstruct                                     struct       000000
__Htemp                                       temp         000000
__Htext                                       text         000000
__Htext0                                      text0        000000
__Htext1                                      text1        000000
__Htext10                                     text10       000000
__Htext11                                     text11       000000
__Htext12                                     text12       000000
__Htext13                                     text13       000000
__Htext14                                     text14       000000
__Htext15                                     text15       000000
__Htext16                                     text16       000000
__Htext17                                     text17       000000
__Htext18                                     text18       000000
__Htext19                                     text19       000000
__Htext2                                      text2        000000
__Htext20                                     text20       000000
__Htext21                                     text21       000000
__Htext22                                     text22       000000
__Htext23                                     text23       000000
__Htext24                                     text24       000000
__Htext25                                     text25       000000
__Htext26                                     text26       000000
__Htext27                                     text27       000000
__Htext28                                     text28       000000
__Htext29                                     text29       000000
__Htext3                                      text3        000000
__Htext30                                     text30       000000
__Htext31                                     text31       000000
__Htext32                                     text32       000000
__Htext33                                     text33       000000
__Htext34                                     text34       000000
__Htext35                                     text35       000000
__Htext36                                     text36       000000
__Htext37                                     text37       000000
__Htext38                                     text38       000000
__Htext39                                     text39       000000
__Htext4                                      text4        000000
__Htext40                                     text40       000000
__Htext41                                     text41       000000
__Htext5                                      text5        000000
__Htext6                                      text6        000000
__Htext7                                      text7        000000
__Htext8                                      text8        000000
__Htext9                                      text9        000000
__LRAM                                        (abs)        000001
__L__absolute__                               __absolute__ 000000
__Labs1                                       abs1         000000
__Lbank0                                      bank0        000000
__Lbank1                                      bank1        000000
__Lbank10                                     bank10       000000
__Lbank11                                     bank11       000000
__Lbank12                                     bank12       000000
__Lbank13                                     bank13       000000
__Lbank14                                     bank14       000000
__Lbank15                                     bank15       000000
__Lbank2                                      bank2        000000
__Lbank3                                      bank3        000000
__Lbank4                                      bank4        000000
__Lbank5                                      bank5        000000
__Lbank6                                      bank6        000000
__Lbank7                                      bank7        000000
__Lbank8                                      bank8        000000
__Lbank9                                      bank9        000000
__Lbigbss                                     bigbss       000000
__Lbigdata                                    bigdata      000000
__Lbigram                                     bigram       000000
__Lbigsfr                                     bigsfr       000000
__Lbss                                        bss          000000
__LbssBANK0                                   bssBANK0     000000
__LbssBIGRAM                                  bssBIGRAM    000000
__LbssCOMRAM                                  bssCOMRAM    000000
__Lcinit                                      cinit        000000
__Lclrtext                                    clrtext      000000
__Lcomram                                     comram       000000
__Lconfig                                     config       000000
__Lconst                                      const        000000
__LcstackBANK0                                cstackBANK0  000000
__LcstackBANK1                                cstackBANK1  000000
__LcstackCOMRAM                               cstackCOMRAM 000000
__Ldata                                       data         000000
__LdataBANK0                                  dataBANK0    000000
__Leeprom_data                                eeprom_data  000000
__Lfarbss                                     farbss       000000
__Lfardata                                    fardata      000000
__Lheap                                       heap         000000
__Libigdata                                   ibigdata     000000
__Lidata                                      idata        000000
__LidataBANK0                                 idataBANK0   000000
__Lidloc                                      idloc        000000
__Lifardata                                   ifardata     000000
__Linit                                       init         00001A
__Lintsave_regs                               intsave_regs 000000
__Lirdata                                     irdata       000000
__Livt0x8                                     ivt0x8       000008
__Lmediumconst                                mediumconst  000000
__LnvBANK0                                    nvBANK0      000000
__LnvFARRAM                                   nvFARRAM     000000
__Lnvbit                                      nvbit        000000
__Lnvrram                                     nvrram       000000
__Lparam                                      rparam       000000
__Lpowerup                                    powerup      000000
__Lram                                        ram          000000
__Lramtop                                     ramtop       001000
__Lrbit                                       rbit         000000
__Lrbss                                       rbss         000000
__Lrdata                                      rdata        000000
__Lreset_vec                                  reset_vec    000000
__Lrparam                                     rparam       000000
__Lsfr                                        sfr          000000
__Lsmallconst                                 smallconst   001000
__Lspace_0                                    (abs)        000000
__Lspace_1                                    (abs)        000000
__Lspace_2                                    (abs)        000000
__Lspace_4                                    (abs)        000000
__Lstack                                      stack        000000
__Lstruct                                     struct       000000
__Ltemp                                       temp         000000
__Ltext                                       text         000000
__Ltext0                                      text0        000000
__Ltext1                                      text1        000000
__Ltext10                                     text10       000000
__Ltext11                                     text11       000000
__Ltext12                                     text12       000000
__Ltext13                                     text13       000000
__Ltext14                                     text14       000000
__Ltext15                                     text15       000000
__Ltext16                                     text16       000000
__Ltext17                                     text17       000000
__Ltext18                                     text18       000000
__Ltext19                                     text19       000000
__Ltext2                                      text2        000000
__Ltext20                                     text20       000000
__Ltext21                                     text21       000000
__Ltext22                                     text22       000000
__Ltext23                                     text23       000000
__Ltext24                                     text24       000000
__Ltext25                                     text25       000000
__Ltext26                                     text26       000000
__Ltext27                                     text27       000000
__Ltext28                                     text28       000000
__Ltext29                                     text29       000000
__Ltext3                                      text3        000000
__Ltext30                                     text30       000000
__Ltext31                                     text31       000000
__Ltext32                                     text32       000000
__Ltext33                                     text33       000000
__Ltext34                                     text34       000000
__Ltext35                                     text35       000000
__Ltext36                                     text36       000000
__Ltext37                                     text37       000000
__Ltext38                                     text38       000000
__Ltext39                                     text39       000000
__Ltext4                                      text4        000000
__Ltext40                                     text40       000000
__Ltext41                                     text41       000000
__Ltext5                                      text5        000000
__Ltext6                                      text6        000000
__Ltext7                                      text7        000000
__Ltext8                                      text8        000000
__Ltext9                                      text9        000000
__S0                                          (abs)        002D2A
__S1                                          (abs)        000304
__S4                                          (abs)        000000
__S5                                          (abs)        000000
___awdiv                                      text27       00260E
___awdiv@counter                              cstackCOMRAM 000005
___awdiv@dividend                             cstackCOMRAM 000001
___awdiv@divisor                              cstackCOMRAM 000003
___awdiv@quotient                             cstackCOMRAM 000007
___awdiv@sign                                 cstackCOMRAM 000006
___awmod                                      text26       0026D2
___awmod@counter                              cstackCOMRAM 000005
___awmod@dividend                             cstackCOMRAM 000001
___awmod@divisor                              cstackCOMRAM 000003
___awmod@sign                                 cstackCOMRAM 000006
___fladd                                      text30       00105A
___fladd@a                                    cstackCOMRAM 000005
___fladd@aexp                                 cstackCOMRAM 00000E
___fladd@b                                    cstackCOMRAM 000001
___fladd@bexp                                 cstackCOMRAM 00000F
___fladd@grs                                  cstackCOMRAM 000010
___fladd@signs                                cstackCOMRAM 00000D
___fldiv                                      text32       001968
___fldiv@a                                    cstackCOMRAM 000036
___fldiv@aexp                                 cstackCOMRAM 00004A
___fldiv@b                                    cstackCOMRAM 000032
___fldiv@bexp                                 cstackCOMRAM 000049
___fldiv@grs                                  cstackCOMRAM 000045
___fldiv@new_exp                              cstackCOMRAM 000043
___fldiv@rem                                  cstackCOMRAM 00003E
___fldiv@sign                                 cstackCOMRAM 000042
___flge                                       text35       002410
___flge@ff1                                   cstackCOMRAM 000001
___flge@ff2                                   cstackCOMRAM 000005
___flmul                                      text31       00151A
___flmul@a                                    cstackCOMRAM 00001D
___flmul@aexp                                 cstackCOMRAM 00002A
___flmul@b                                    cstackCOMRAM 000019
___flmul@bexp                                 cstackCOMRAM 00002B
___flmul@grs                                  cstackCOMRAM 000026
___flmul@prod                                 cstackCOMRAM 00002C
___flmul@sign                                 cstackCOMRAM 000025
___flmul@temp                                 cstackCOMRAM 000030
___flsub                                      text29       0029FC
___flsub@a                                    cstackCOMRAM 000015
___flsub@b                                    cstackCOMRAM 000011
___fltol                                      text34       002308
___fltol@exp1                                 cstackBANK0  0000E2
___fltol@f1                                   cstackBANK0  0000D9
___fltol@sign1                                cstackBANK0  0000E1
___heap_hi                                    (abs)        000000
___heap_lo                                    (abs)        000000
___inthi_sp                                   stack        000000
___inthi_stack_hi                             stack        000000
___inthi_stack_lo                             stack        000000
___intlo_sp                                   stack        000000
___intlo_stack_hi                             stack        000000
___intlo_stack_lo                             stack        000000
___param_bank                                 (abs)        000000
___rparam_used                                (abs)        000001
___sp                                         stack        000000
___stack_hi                                   stack        000000
___stack_lo                                   stack        000000
___xxtofl                                     text33       002154
___xxtofl@arg                                 cstackCOMRAM 000010
___xxtofl@exp                                 cstackCOMRAM 00000F
___xxtofl@sign                                cstackCOMRAM 00000E
___xxtofl@val                                 cstackCOMRAM 000006
__accesstop                                   (abs)        000060
__activetblptr                                (abs)        000003
__end_of_ADCC_GetSingleConversion             text40       002BB8
__end_of_ADCC_Initialize                      text17       0029A6
__end_of_DAC1_Initialize                      text16       002CE6
__end_of_FVR_Initialize                       text15       002D20
__end_of_I2C1_Initialize                      text14       002C56
__end_of_INTERRUPT_Initialize                 text13       002D28
__end_of_INTERRUPT_InterruptManager           text19       001F86
__end_of_OSCILLATOR_Initialize                text12       002CDA
__end_of_PIN_MANAGER_Initialize               text11       00282E
__end_of_PMD_Initialize                       text10       002C34
__end_of_PWM5_Initialize                      text9        002CC2
__end_of_PWM5_LoadDutyValue                   text18       002ABA
__end_of_SYSTEM_Initialize                    text1        002B54
__end_of_TMR2_Initialize                      text8        002C74
__end_of_TMR6_DefaultInterruptHandler         text39       002D2A
__end_of_TMR6_ISR                             text38       002B86
__end_of_TMR6_Initialize                      text6        002BE6
__end_of_TMR6_SetInterruptHandler             text7        002D0E
__end_of_UART1_Initialize                     text2        00294A
__end_of_UART1_SetErrorHandler                text5        002D04
__end_of_UART1_SetFramingErrorHandler         text4        002CFA
__end_of_UART1_SetOverrunErrorHandler         text3        002CF0
__end_of_UART1_Write                          text37       002CAA
__end_of_UART_SendString                      text36       002C10
__end_of___awdiv                              text27       0026D2
__end_of___awmod                              text26       002782
__end_of___fladd                              text30       00151A
__end_of___fldiv                              text32       001D02
__end_of___flge                               text35       002514
__end_of___flmul                              text31       001968
__end_of___flsub                              text29       002A42
__end_of___fltol                              text34       002410
__end_of___xxtofl                             text33       002308
__end_of__initialization                      cinit        0029F6
__end_of_abs                                  text25       002B22
__end_of_fputc                                text23       0028DA
__end_of_i2c1_fsmStateTable                   smallconst   001027
__end_of_main                                 text0        002C90
__end_of_map                                  text28       00260E
__end_of_putch                                text24       002D18
__end_of_sprintf                              text20       002AEE
__end_of_vfpfcnvrt                            text22       002154
__end_of_vfprintf                             text21       002A84
__initialization                              cinit        0029A6
__mediumconst                                 mediumconst  000000
__pbssBANK0                                   bssBANK0     000060
__pbssBIGRAM                                  bssBIGRAM    000104
__pbssCOMRAM                                  bssCOMRAM    00005F
__pcinit                                      cinit        0029A6
__pcstackBANK0                                cstackBANK0  0000D5
__pcstackBANK1                                cstackBANK1  000100
__pcstackCOMRAM                               cstackCOMRAM 000001
__pdataBANK0                                  dataBANK0    0000F5
__pidataBANK0                                 idataBANK0   002D20
__pivt0x8                                     ivt0x8       000008
__pnvBANK0                                    nvBANK0      0000ED
__psmallconst                                 smallconst   001000
__ptext0                                      text0        002C74
__ptext1                                      text1        002B22
__ptext10                                     text10       002C10
__ptext11                                     text11       002782
__ptext12                                     text12       002CC2
__ptext13                                     text13       002D24
__ptext14                                     text14       002C34
__ptext15                                     text15       002D18
__ptext16                                     text16       002CDA
__ptext17                                     text17       00294A
__ptext18                                     text18       002A84
__ptext19                                     text19       001D02
__ptext2                                      text2        0028DA
__ptext20                                     text20       002ABA
__ptext21                                     text21       002A42
__ptext22                                     text22       001F86
__ptext23                                     text23       00282E
__ptext24                                     text24       002D0E
__ptext25                                     text25       002AEE
__ptext26                                     text26       0026D2
__ptext27                                     text27       00260E
__ptext28                                     text28       002514
__ptext29                                     text29       0029FC
__ptext3                                      text3        002CE6
__ptext30                                     text30       00105A
__ptext31                                     text31       00151A
__ptext32                                     text32       001968
__ptext33                                     text33       002154
__ptext34                                     text34       002308
__ptext35                                     text35       002410
__ptext36                                     text36       002BE6
__ptext37                                     text37       002C90
__ptext38                                     text38       002B54
__ptext39                                     text39       002D28
__ptext4                                      text4        002CF0
__ptext40                                     text40       002B86
__ptext41                                     text41       000000
__ptext5                                      text5        002CFA
__ptext6                                      text6        002BB8
__ptext7                                      text7        002D04
__ptext8                                      text8        002C56
__ptext9                                      text9        002CAA
__ramtop                                      ramtop       001000
__smallconst                                  smallconst   001000
_abs                                          text25       002AEE
_adc_value                                    bssBANK0     0000B0
_amplitud                                     bssBANK0     0000AC
_angulo                                       bssBANK0     0000A8
_bandera                                      bssBANK0     0000BA
_buffer                                       bssBANK0     0000C1
_bufferIndex                                  bssBANK0     0000B8
_dbuf                                         bssBANK0     000084
_flags                                        bssCOMRAM    00005F
_fputc                                        text23       00282E
_i2c1_fsmStateTable                           smallconst   001001
_main                                         text0        002C74
_map                                          text28       002514
_map$3482                                     cstackBANK0  0000D5
_maxSample                                    bssBANK0     0000A4
_prec                                         bssBANK0     0000B6
_puntoDeQuiebre                               dataBANK0    0000F5
_putch                                        text24       002D0E
_rd1RegCompleteHandler                        (abs)        000000
_rd2RegCompleteHandler                        (abs)        000000
_rdBlkRegCompleteHandler                      (abs)        000000
_sampleBuffer                                 bssBIGRAM    000104
_sprintf                                      text20       002ABA
_uart1RxLastError                             bssBANK0     0000C0
_vfpfcnvrt                                    text22       001F86
_vfprintf                                     text21       002A42
_width                                        bssBANK0     0000B4
_wr1RegCompleteHandler                        (abs)        000000
_wr2RegCompleteHandler                        (abs)        000000
abs@a                                         cstackCOMRAM 000007
end_of_initialization                         cinit        0029F6
fputc@c                                       cstackCOMRAM 000003
fputc@fp                                      cstackCOMRAM 000005
intlevel0                                     text         000000
intlevel1                                     text         000000
intlevel2                                     text         000000
intlevel3                                     text         000000
isa$std                                       (abs)        000001
isa$xinst                                     (abs)        000000
ivt0x8_base                                   ivt0x8       000008
map@in_max                                    cstackCOMRAM 000053
map@in_min                                    cstackCOMRAM 00004F
map@out_max                                   cstackCOMRAM 00005B
map@out_min                                   cstackCOMRAM 000057
map@x                                         cstackCOMRAM 00004B
putch@txData                                  cstackCOMRAM 000002
sprintf@ap                                    cstackCOMRAM 00001E
sprintf@f                                     cstackCOMRAM 00001F
sprintf@fmt                                   cstackCOMRAM 00001B
sprintf@s                                     cstackCOMRAM 00001A
stackhi                                       (abs)        000000
stacklo                                       (abs)        000000
start                                         init         00001A
start_initialization                          cinit        0029A6
vfpfcnvrt@ap                                  cstackCOMRAM 00000D
vfpfcnvrt@c                                   cstackCOMRAM 000015
vfpfcnvrt@convarg                             cstackCOMRAM 000011
vfpfcnvrt@cp                                  cstackCOMRAM 000010
vfpfcnvrt@done                                cstackCOMRAM 00000F
vfpfcnvrt@fmt                                 cstackCOMRAM 00000C
vfpfcnvrt@fp                                  cstackCOMRAM 00000B
vfprintf@ap                                   cstackCOMRAM 000018
vfprintf@cfmt                                 cstackCOMRAM 000019
vfprintf@fmt                                  cstackCOMRAM 000017
vfprintf@fp                                   cstackCOMRAM 000016


MODULE INFORMATION

Module		Function		Class		Link	Load	Size
mcc_generated_files/tmr6.c
		_TMR6_ISR      		CODE           	2B54	0000	50
		_TMR6_Initialize		CODE           	2BB8	0000	46
		_TMR6_SetInterruptHandler		CODE           	2D04	0000	10
		_TMR6_DefaultInterruptHandler		CODE           	2D28	0000	2

mcc_generated_files/tmr6.c estimated size: 108

mcc_generated_files/fvr.c
		_FVR_Initialize		CODE           	2D18	0000	8

mcc_generated_files/fvr.c estimated size: 8

mcc_generated_files/i2c1_master.c
		_I2C1_Initialize		CODE           	2C34	0000	34

mcc_generated_files/i2c1_master.c estimated size: 34

mcc_generated_files/tmr2.c
		_TMR2_Initialize		CODE           	2C56	0000	30

mcc_generated_files/tmr2.c estimated size: 30

mcc_generated_files/interrupt_manager.c
		_UART_SendString		CODE           	2BE6	0000	42
		_map           		CODE           	2514	0000	250
		_INTERRUPT_Initialize		CODE           	2D24	0000	4
		_INTERRUPT_InterruptManager		CODE           	1D02	0000	644

mcc_generated_files/interrupt_manager.c estimated size: 940

mcc_generated_files/pin_manager.c
		_PIN_MANAGER_Initialize		CODE           	2782	0000	172

mcc_generated_files/pin_manager.c estimated size: 172

C:\Program Files\Microchip\xc8\v2.45\pic\sources\c99\common\sprcmul.c
		___flmul       		CODE           	151A	0000	1102

C:\Program Files\Microchip\xc8\v2.45\pic\sources\c99\common\sprcmul.c estimated size: 1102

C:\Program Files\Microchip\xc8\v2.45\pic\sources\c99\common\sprcdiv.c
		___fldiv       		CODE           	1968	0000	922

C:\Program Files\Microchip\xc8\v2.45\pic\sources\c99\common\sprcdiv.c estimated size: 922

C:\Program Files\Microchip\xc8\v2.45\pic\sources\c99\common\nf_sprintf.c
		_sprintf       		CODE           	2ABA	0000	52

C:\Program Files\Microchip\xc8\v2.45\pic\sources\c99\common\nf_sprintf.c estimated size: 52

mcc_generated_files/uart1.c
		_UART1_Write   		CODE           	2C90	0000	26
		_putch         		CODE           	2D0E	0000	10
		_UART1_SetFramingErrorHandler		CODE           	2CF0	0000	10
		_UART1_SetOverrunErrorHandler		CODE           	2CE6	0000	10
		_UART1_Initialize		CODE           	28DA	0000	112
		_UART1_SetErrorHandler		CODE           	2CFA	0000	10

mcc_generated_files/uart1.c estimated size: 178

C:\Program Files\Microchip\xc8\v2.45\pic\sources\c99\common\awmod.c
		___awmod       		CODE           	26D2	0000	176

C:\Program Files\Microchip\xc8\v2.45\pic\sources\c99\common\awmod.c estimated size: 176

C:\Program Files\Microchip\xc8\v2.45\pic\sources\c99\common\flge.c
		___flge        		CODE           	2410	0000	260

C:\Program Files\Microchip\xc8\v2.45\pic\sources\c99\common\flge.c estimated size: 260

shared
		__initialization		CODE           	29A6	0000	80
		_i2c1_fsmStateTable		SMALLCONST     	1001	0000	38

shared estimated size: 118

mcc_generated_files/pwm5.c
		_PWM5_LoadDutyValue		CODE           	2A84	0000	54
		_PWM5_Initialize		CODE           	2CAA	0000	24

mcc_generated_files/pwm5.c estimated size: 78

C:\Program Files\Microchip\xc8\v2.45\pic\sources\c99\common\xxtofl.c
		___xxtofl      		CODE           	2154	0000	436

C:\Program Files\Microchip\xc8\v2.45\pic\sources\c99\common\xxtofl.c estimated size: 436

C:\Program Files\Microchip\xc8\v2.45\pic\sources\c99\common\abs.c
		_abs           		CODE           	2AEE	0000	52

C:\Program Files\Microchip\xc8\v2.45\pic\sources\c99\common\abs.c estimated size: 52

mcc_generated_files/mcc.c
		_PMD_Initialize		CODE           	2C10	0000	36
		_OSCILLATOR_Initialize		CODE           	2CC2	0000	24
		_SYSTEM_Initialize		CODE           	2B22	0000	50

mcc_generated_files/mcc.c estimated size: 110

mcc_generated_files/dac1.c
		_DAC1_Initialize		CODE           	2CDA	0000	12

mcc_generated_files/dac1.c estimated size: 12

C:\Program Files\Microchip\xc8\v2.45\pic\sources\c99\common\sprcadd.c
		___flsub       		CODE           	29FC	0000	70
		___fladd       		CODE           	105A	0000	1216

C:\Program Files\Microchip\xc8\v2.45\pic\sources\c99\common\sprcadd.c estimated size: 1286

mcc_generated_files/adcc.c
		_ADCC_GetSingleConversion		CODE           	2B86	0000	50
		_ADCC_Initialize		CODE           	294A	0000	92

mcc_generated_files/adcc.c estimated size: 142

main.c
		_main          		CODE           	2C74	0000	28

main.c estimated size: 28

C:\Program Files\Microchip\xc8\v2.45\pic\sources\c99\common\nf_fputc.c
		_fputc         		CODE           	282E	0000	172

C:\Program Files\Microchip\xc8\v2.45\pic\sources\c99\common\nf_fputc.c estimated size: 172

C:\Program Files\Microchip\xc8\v2.45\pic\sources\c99\common\doprnt.c
		_vfpfcnvrt     		CODE           	1F86	0000	462
		_vfprintf      		CODE           	2A42	0000	66

C:\Program Files\Microchip\xc8\v2.45\pic\sources\c99\common\doprnt.c estimated size: 528

C:\Program Files\Microchip\xc8\v2.45\pic\sources\c99\common\awdiv.c
		___awdiv       		CODE           	260E	0000	196

C:\Program Files\Microchip\xc8\v2.45\pic\sources\c99\common\awdiv.c estimated size: 196

C:\Program Files\Microchip\xc8\v2.45\pic\sources\c99\common\fltol.c
		___fltol       		CODE           	2308	0000	264

C:\Program Files\Microchip\xc8\v2.45\pic\sources\c99\common\fltol.c estimated size: 264

