Microchip MPLAB XC8 Compiler V2.45

Linker command line:

-W-3 \
  --edf=C:\Program Files\Microchip\xc8\v2.45\pic\dat\20230818022343_en.msgs \
  -pivt0x8=08h -cn -h+dist/default/production\MacroP2.X.production.sym \
  --cmf=dist/default/production\MacroP2.X.production.cmf -z -Q18F46K42 \
  -oC:\Users\mesas\AppData\Local\Temp\xcAs680.\driver_tmp_3.o \
  --defsym=__MPLAB_BUILD=1 --fixupoverflow=error \
  -Mdist/default/production/MacroP2.X.production.map \
  --md=C:\Users\mesas\AppData\Local\Temp\xcAs680.\driver_tmp_0.dat -E1 \
  -ver=XC8 Compiler --acfsm=1493 -ACODE=00h-0FFFFh -ACONST=00h-0FFFFh \
  -ASMALLCONST=01000h-010FFhx240 -AMEDIUMCONST=01000h-0FFFFh \
  -ACOMRAM=01h-05Fh -AABS1=00h-0FFFh -ABIGRAM=01h-0FFFh \
  -ARAM=060h-0FFh,0100h-01FFhx15 -ABANK0=060h-0FFh -ABANK1=0100h-01FFh \
  -ABANK2=0200h-02FFh -ABANK3=0300h-03FFh -ABANK4=0400h-04FFh \
  -ABANK5=0500h-05FFh -ABANK6=0600h-06FFh -ABANK7=0700h-07FFh \
  -ABANK8=0800h-08FFh -ABANK9=0900h-09FFh -ABANK10=0A00h-0AFFh \
  -ABANK11=0B00h-0BFFh -ABANK12=0C00h-0CFFh -ABANK13=0D00h-0DFFh \
  -ABANK14=0E00h-0EFFh -ABANK15=0F00h-0FFFh \
  -ASFR=03800h-038FFhx7,03F00h-03F5Fh,03F60h-03FFFh -ABIGSFR=03800h-03FFFh \
  -ACONFIG=0300000h-0300009h -AIDLOC=0200000h-020000Fh \
  -AEEDATA=0310000h-03103FFh -peeprom_data=EEDATA -preset_vec=00h \
  -ppowerup=CODE,init -pramtop=01000h -psmallconst=SMALLCONST \
  -pmediumconst=MEDIUMCONST -pconst=CONST -AFARRAM=00h-00h \
  -prdata=COMRAM,nvrram=COMRAM,nvbit=COMRAM,rbss=COMRAM,rbit=COMRAM \
  -pfarbss=FARRAM,fardata=FARRAM,nvFARRAM=FARRAM \
  -pintsave_regs=BIGRAM,bigbss=BIGRAM,bigdata=BIGRAM -pbss=RAM \
  -pidata=CODE,irdata=CODE,ibigdata=CODE,ifardata=CODE -prparam=COMRAM \
  C:\Users\mesas\AppData\Local\Temp\xcAs680.\driver_tmp_9.o \
  dist/default/production\MacroP2.X.production.o 

Object code version is 3.11

Machine type is 18F46K42



                Name                               Link     Load   Length Selector   Space Scale
C:\Users\mesas\AppData\Local\Temp\xcAs680.\driver_tmp_9.o
                config                           300000   300000        A        0       4
                init                                 1A       1A        4        4       0
                reset_vec                             0        0        4        0       0
dist/default/production\MacroP2.X.production.o
                config                           300000   300000        A        0       4
                smallconst                         1000     1000       28      800       0
                ivt0x8                                8        8       12        4       0
                text20                             13B8     13B8        2      814       0
                text19                             122E     122E       30      814       0
                text18                             113C     113C       62      814       0
                text17                             11FA     11FA       34      814       0
                text16                             119E     119E       5C      814       0
                text15                             13AC     13AC        8      814       0
                text14                             12DC     12DC       22      814       0
                text13                             13B4     13B4        4      814       0
                text12                             136C     136C       18      814       0
                text11                             1028     1028       AC      814       0
                text10                             12B8     12B8       24      814       0
                text9                              1354     1354       18      814       0
                text8                              131C     131C       1E      814       0
                text7                              13A2     13A2        A      814       0
                text6                              128C     128C       2C      814       0
                text5                              1398     1398        A      814       0
                text4                              138E     138E        A      814       0
                text3                              1384     1384        A      814       0
                text2                              10D4     10D4       68      814       0
                text1                              125E     125E       2E      814       0
                text0                              133A     133A       1A      814       0
                cstackCOMRAM                         2E       2E        7        1       1
                bssCOMRAM                             1        1       25        1       1
                cinit                              12FE     12FE       1E      814       0
                nvCOMRAM                             26       26        8        1       1

TOTAL           Name                               Link     Load   Length     Space
        CLASS   CODE           
                init                                 1A       1A        4         0
                reset_vec                             0        0        4         0
                ivt0x8                                8        8       12         0
                text20                             13B8     13B8        2         0
                text19                             122E     122E       30         0
                text18                             113C     113C       62         0
                text17                             11FA     11FA       34         0
                text16                             119E     119E       5C         0
                text15                             13AC     13AC        8         0
                text14                             12DC     12DC       22         0
                text13                             13B4     13B4        4         0
                text12                             136C     136C       18         0
                text11                             1028     1028       AC         0
                text10                             12B8     12B8       24         0
                text9                              1354     1354       18         0
                text8                              131C     131C       1E         0
                text7                              13A2     13A2        A         0
                text6                              128C     128C       2C         0
                text5                              1398     1398        A         0
                text4                              138E     138E        A         0
                text3                              1384     1384        A         0
                text2                              10D4     10D4       68         0
                text1                              125E     125E       2E         0
                text0                              133A     133A       1A         0
                cinit                              12FE     12FE       1E         0

        CLASS   CONST          

        CLASS   SMALLCONST     
                smallconst                         1000     1000       28         0

        CLASS   MEDIUMCONST    

        CLASS   COMRAM         
                cstackCOMRAM                         2E       2E        7         1
                bssCOMRAM                             1        1       25         1
                nvCOMRAM                             26       26        8         1

        CLASS   ABS1           

        CLASS   BIGRAM         

        CLASS   RAM            

        CLASS   BANK0          

        CLASS   BANK1          

        CLASS   BANK2          

        CLASS   BANK3          

        CLASS   BANK4          

        CLASS   BANK5          

        CLASS   BANK6          

        CLASS   BANK7          

        CLASS   BANK8          

        CLASS   BANK9          

        CLASS   BANK10         

        CLASS   BANK11         

        CLASS   BANK12         

        CLASS   BANK13         

        CLASS   BANK14         

        CLASS   BANK15         

        CLASS   SFR            

        CLASS   BIGSFR         

        CLASS   CONFIG         
                config                           300000   300000        A         4

        CLASS   IDLOC          

        CLASS   EEDATA         

        CLASS   FARRAM         

        CLASS   HEAP           

        CLASS   STACK          



SEGMENTS        Name                           Load    Length   Top    Selector   Space  Class

                reset_vec                      000000  000004  000004         0       0  CODE    
                bssCOMRAM                      000001  000034  000035         1       1  COMRAM  
                ivt0x8                         000008  000016  00001E         4       0  CODE    
                smallconst                     001000  000028  001028       800       0  SMALLCON
                text11                         001028  000392  0013BA       814       0  CODE    


UNUSED ADDRESS RANGES

        Name                Unused          Largest block    Delta
        BANK0            000060-0000FF               A0
        BANK1            000100-0001FF              100
        BANK10           000A00-000AFF              100
        BANK11           000B00-000BFF              100
        BANK12           000C00-000CFF              100
        BANK13           000D00-000DFF              100
        BANK14           000E00-000EFF              100
        BANK15           000F00-000FFF              100
        BANK2            000200-0002FF              100
        BANK3            000300-0003FF              100
        BANK4            000400-0004FF              100
        BANK5            000500-0005FF              100
        BANK6            000600-0006FF              100
        BANK7            000700-0007FF              100
        BANK8            000800-0008FF              100
        BANK9            000900-0009FF              100
        BIGRAM           000035-000FFF              FCB
        BIGSFR           003800-003FFF              800
        CODE             000004-000007                4
                         00001E-000FFF              FE2
                         0013BA-00FFFF             EC46
        COMRAM           000035-00005F               2B
        CONST            000004-000007                4
                         00001E-000FFF              FE2
                         0013BA-00FFFF             EC46
        EEDATA           310000-3103FF              400
        IDLOC            200000-20000F               10
        MEDIUMCONST      0013BA-00FFFF             EC46
        RAM              000060-000FFF              100
        SFR              003800-003FFF              100
        SMALLCONST       0013BA-00FFFF              100

                                  Symbol Table

IVTBASEH                                      (abs)        003FD6
IVTBASEL                                      (abs)        003FD5
IVTBASEU                                      (abs)        003FD7
PWM5_LoadDutyValue@dutyValue                  cstackCOMRAM 000031
TMR6_SetInterruptHandler@InterruptHandler     cstackCOMRAM 000031
UART1_SetErrorHandler@interruptHandler        cstackCOMRAM 000031
UART1_SetFramingErrorHandler@interruptHandler cstackCOMRAM 000031
UART1_SetOverrunErrorHandler@interruptHandler cstackCOMRAM 000031
_ADACCH                                       (abs)        003EE9
_ADACCL                                       (abs)        003EE8
_ADACCU                                       (abs)        003EEA
_ADACQH                                       (abs)        003EF4
_ADACQL                                       (abs)        003EF3
_ADACT                                        (abs)        003EFE
_ADCAP                                        (abs)        003EF5
_ADCC_Initialize                              text16       00119E
_ADCLK                                        (abs)        003EFF
_ADCNT                                        (abs)        003EEB
_ADCON0                                       (abs)        003EF8
_ADCON0bits                                   (abs)        003EF8
_ADCON1                                       (abs)        003EF9
_ADCON1bits                                   (abs)        003EF9
_ADCON2                                       (abs)        003EFA
_ADCON2bits                                   (abs)        003EFA
_ADCON3                                       (abs)        003EFB
_ADCON3bits                                   (abs)        003EFB
_ADERRH                                       (abs)        003EE3
_ADERRL                                       (abs)        003EE2
_ADFLTRH                                      (abs)        003EE7
_ADFLTRL                                      (abs)        003EE6
_ADLTHH                                       (abs)        003EDF
_ADLTHL                                       (abs)        003EDE
_ADPCH                                        (abs)        003EF1
_ADPREH                                       (abs)        003EF7
_ADPREL                                       (abs)        003EF6
_ADPREVH                                      (abs)        003EEE
_ADPREVL                                      (abs)        003EED
_ADREF                                        (abs)        003EFD
_ADRESH                                       (abs)        003EF0
_ADRESL                                       (abs)        003EEF
_ADRPT                                        (abs)        003EEC
_ADSTAT                                       (abs)        003EFC
_ADSTATbits                                   (abs)        003EFC
_ADSTPTH                                      (abs)        003EE5
_ADSTPTL                                      (abs)        003EE4
_ADUTHH                                       (abs)        003EE1
_ADUTHL                                       (abs)        003EE0
_ANSELA                                       (abs)        003A40
_ANSELB                                       (abs)        003A50
_ANSELC                                       (abs)        003A60
_ANSELD                                       (abs)        003A70
_ANSELE                                       (abs)        003A80
_CCPTMRS1bits                                 (abs)        003F5F
_FVRCON                                       (abs)        003EC1
_FVRCONbits                                   (abs)        003EC1
_FVR_Initialize                               text15       0013AC
_I2C1CLK                                      (abs)        003D7B
_I2C1CNT                                      (abs)        003D6C
_I2C1CON0                                     (abs)        003D73
_I2C1CON0bits                                 (abs)        003D73
_I2C1CON1                                     (abs)        003D74
_I2C1CON1bits                                 (abs)        003D74
_I2C1CON2                                     (abs)        003D75
_I2C1ERR                                      (abs)        003D76
_I2C1ERRbits                                  (abs)        003D76
_I2C1PIE                                      (abs)        003D7A
_I2C1PIEbits                                  (abs)        003D7A
_I2C1PIR                                      (abs)        003D79
_I2C1PIRbits                                  (abs)        003D79
_I2C1RXB                                      (abs)        003D6A
_I2C1SCLPPS                                   (abs)        003AE1
_I2C1SDAPPS                                   (abs)        003AE2
_I2C1STAT1bits                                (abs)        003D78
_I2C1TXB                                      (abs)        003D6B
_I2C1_CallbackReturnReset                     (abs)        000000
_I2C1_CallbackReturnStop                      (abs)        000000
_I2C1_DO_ADDRESS_NACK                         (abs)        000000
_I2C1_DO_BUS_COLLISION                        (abs)        000000
_I2C1_DO_BUS_ERROR                            (abs)        000000
_I2C1_DO_IDLE                                 (abs)        000000
_I2C1_DO_RESET                                (abs)        000000
_I2C1_DO_RX                                   (abs)        000000
_I2C1_DO_RX_ACK                               (abs)        000000
_I2C1_DO_RX_EMPTY                             (abs)        000000
_I2C1_DO_RX_NACK_RESTART                      (abs)        000000
_I2C1_DO_RX_NACK_STOP                         (abs)        000000
_I2C1_DO_SEND_ADR_READ                        (abs)        000000
_I2C1_DO_SEND_ADR_WRITE                       (abs)        000000
_I2C1_DO_SEND_RESTART                         (abs)        000000
_I2C1_DO_SEND_RESTART_READ                    (abs)        000000
_I2C1_DO_SEND_RESTART_WRITE                   (abs)        000000
_I2C1_DO_SEND_STOP                            (abs)        000000
_I2C1_DO_TX                                   (abs)        000000
_I2C1_DO_TX_ACK                               (abs)        000000
_I2C1_DO_TX_EMPTY                             (abs)        000000
_I2C1_Initialize                              text14       0012DC
_I2C1_Status                                  bssCOMRAM    000001
_INLVLA                                       (abs)        003A44
_INLVLB                                       (abs)        003A54
_INLVLC                                       (abs)        003A64
_INLVLD                                       (abs)        003A74
_INLVLE                                       (abs)        003A84
_INTCON0bits                                  (abs)        003FD2
_INTERRUPT_Initialize                         text13       0013B4
_INTERRUPT_InterruptManager                   text18       00113C
_LATA                                         (abs)        003FBA
_LATB                                         (abs)        003FBB
_LATBbits                                     (abs)        003FBB
_LATC                                         (abs)        003FBC
_LATD                                         (abs)        003FBD
_LATE                                         (abs)        003FBE
_ODCONA                                       (abs)        003A42
_ODCONB                                       (abs)        003A52
_ODCONC                                       (abs)        003A62
_ODCOND                                       (abs)        003A72
_ODCONE                                       (abs)        003A82
_OSCCON1                                      (abs)        0039D9
_OSCCON3                                      (abs)        0039DB
_OSCEN                                        (abs)        0039DD
_OSCFRQ                                       (abs)        0039DF
_OSCILLATOR_Initialize                        text12       00136C
_OSCTUNE                                      (abs)        0039DE
_PIE2bits                                     (abs)        003992
_PIE3bits                                     (abs)        003993
_PIE9bits                                     (abs)        003999
_PIN_MANAGER_Initialize                       text11       001028
_PIR2bits                                     (abs)        0039A2
_PIR3bits                                     (abs)        0039A3
_PIR4bits                                     (abs)        0039A4
_PIR9bits                                     (abs)        0039A9
_PMD0                                         (abs)        0039C0
_PMD1                                         (abs)        0039C1
_PMD2                                         (abs)        0039C2
_PMD3                                         (abs)        0039C3
_PMD4                                         (abs)        0039C4
_PMD5                                         (abs)        0039C5
_PMD6                                         (abs)        0039C6
_PMD7                                         (abs)        0039C7
_PMD_Initialize                               text10       0012B8
_PR2                                          (abs)        003FAB
_PR6                                          (abs)        003F93
_PWM5CON                                      (abs)        003F6E
_PWM5DCH                                      (abs)        003F6D
_PWM5DCL                                      (abs)        003F6C
_PWM5_Initialize                              text9        001354
_PWM5_LoadDutyValue                           text17       0011FA
_RB1I2C                                       (abs)        003A5A
_RB1PPS                                       (abs)        003A09
_RB2I2C                                       (abs)        003A5B
_RB2PPS                                       (abs)        003A0A
_RC2PPS                                       (abs)        003A12
_RC3I2C                                       (abs)        003A6A
_RC4I2C                                       (abs)        003A6B
_RC6PPS                                       (abs)        003A16
_RD0I2C                                       (abs)        003A7A
_RD1I2C                                       (abs)        003A7B
_SLRCONA                                      (abs)        003A43
_SLRCONB                                      (abs)        003A53
_SLRCONC                                      (abs)        003A63
_SLRCOND                                      (abs)        003A73
_SLRCONE                                      (abs)        003A83
_SYSTEM_Initialize                            text1        00125E
_T2CLKCON                                     (abs)        003FAE
_T2CON                                        (abs)        003FAC
_T2CONbits                                    (abs)        003FAC
_T2HLT                                        (abs)        003FAD
_T2HLTbits                                    (abs)        003FAD
_T2PR                                         (abs)        003FAB
_T2RST                                        (abs)        003FAF
_T2RSTbits                                    (abs)        003FAF
_T2TMR                                        (abs)        003FAA
_T6CLKCON                                     (abs)        003F96
_T6CON                                        (abs)        003F94
_T6CONbits                                    (abs)        003F94
_T6HLT                                        (abs)        003F95
_T6HLTbits                                    (abs)        003F95
_T6PR                                         (abs)        003F93
_T6RST                                        (abs)        003F97
_T6RSTbits                                    (abs)        003F97
_T6TMR                                        (abs)        003F92
_TMR2                                         (abs)        003FAA
_TMR2_Initialize                              text8        00131C
_TMR6                                         (abs)        003F92
_TMR6_DefaultInterruptHandler                 text20       0013B8
_TMR6_ISR                                     text19       00122E
_TMR6_Initialize                              text6        00128C
_TMR6_InterruptHandler                        nvCOMRAM     000026
_TMR6_SetInterruptHandler                     text7        0013A2
_TRISA                                        (abs)        003FC2
_TRISB                                        (abs)        003FC3
_TRISC                                        (abs)        003FC4
_TRISD                                        (abs)        003FC5
_TRISE                                        (abs)        003FC6
_U1BRGH                                       (abs)        003DF6
_U1BRGL                                       (abs)        003DF5
_U1CON0                                       (abs)        003DF2
_U1CON0bits                                   (abs)        003DF2
_U1CON1                                       (abs)        003DF3
_U1CON2                                       (abs)        003DF4
_U1ERRIE                                      (abs)        003DFA
_U1ERRIR                                      (abs)        003DF9
_U1ERRIRbits                                  (abs)        003DF9
_U1FIFO                                       (abs)        003DF7
_U1P1H                                        (abs)        003DED
_U1P1L                                        (abs)        003DEC
_U1P2H                                        (abs)        003DEF
_U1P2L                                        (abs)        003DEE
_U1P3H                                        (abs)        003DF1
_U1P3L                                        (abs)        003DF0
_U1RXB                                        (abs)        003DE8
_U1RXPPS                                      (abs)        003AE5
_U1TXB                                        (abs)        003DEA
_U1UIR                                        (abs)        003DF8
_UART1_DefaultErrorHandler                    (abs)        000000
_UART1_DefaultFramingErrorHandler             (abs)        000000
_UART1_DefaultOverrunErrorHandler             (abs)        000000
_UART1_ErrorHandler                           nvCOMRAM     000028
_UART1_FramingErrorHandler                    nvCOMRAM     00002C
_UART1_Initialize                             text2        0010D4
_UART1_OverrunErrorHandler                    nvCOMRAM     00002A
_UART1_SetErrorHandler                        text5        001398
_UART1_SetFramingErrorHandler                 text4        00138E
_UART1_SetOverrunErrorHandler                 text3        001384
_WPUA                                         (abs)        003A41
_WPUB                                         (abs)        003A51
_WPUC                                         (abs)        003A61
_WPUD                                         (abs)        003A71
_WPUE                                         (abs)        003A81
__HRAM                                        (abs)        000000
__H__absolute__                               __absolute__ 000000
__Habs1                                       abs1         000000
__Hbank0                                      bank0        000000
__Hbank1                                      bank1        000000
__Hbank10                                     bank10       000000
__Hbank11                                     bank11       000000
__Hbank12                                     bank12       000000
__Hbank13                                     bank13       000000
__Hbank14                                     bank14       000000
__Hbank15                                     bank15       000000
__Hbank2                                      bank2        000000
__Hbank3                                      bank3        000000
__Hbank4                                      bank4        000000
__Hbank5                                      bank5        000000
__Hbank6                                      bank6        000000
__Hbank7                                      bank7        000000
__Hbank8                                      bank8        000000
__Hbank9                                      bank9        000000
__Hbigbss                                     bigbss       000000
__Hbigdata                                    bigdata      000000
__Hbigram                                     bigram       000000
__Hbigsfr                                     bigsfr       000000
__Hbss                                        bss          000000
__HbssCOMRAM                                  bssCOMRAM    000000
__Hcinit                                      cinit        000000
__Hclrtext                                    clrtext      000000
__Hcomram                                     comram       000000
__Hconfig                                     config       30000A
__Hconst                                      const        000000
__HcstackCOMRAM                               cstackCOMRAM 000000
__Hdata                                       data         000000
__Heeprom_data                                eeprom_data  000000
__Hfarbss                                     farbss       000000
__Hfardata                                    fardata      000000
__Hheap                                       heap         000000
__Hibigdata                                   ibigdata     000000
__Hidata                                      idata        000000
__Hidloc                                      idloc        000000
__Hifardata                                   ifardata     000000
__Hinit                                       init         00001E
__Hintsave_regs                               intsave_regs 000000
__Hirdata                                     irdata       000000
__Hivt0x8                                     ivt0x8       00001A
__Hmediumconst                                mediumconst  000000
__HnvCOMRAM                                   nvCOMRAM     000000
__HnvFARRAM                                   nvFARRAM     000000
__Hnvbit                                      nvbit        000000
__Hnvrram                                     nvrram       000000
__Hparam                                      rparam       000000
__Hpowerup                                    powerup      000000
__Hram                                        ram          000000
__Hramtop                                     ramtop       001000
__Hrbit                                       rbit         000000
__Hrbss                                       rbss         000000
__Hrdata                                      rdata        000000
__Hreset_vec                                  reset_vec    000004
__Hrparam                                     rparam       000000
__Hsfr                                        sfr          000000
__Hsmallconst                                 smallconst   001028
__Hspace_0                                    (abs)        0013BA
__Hspace_1                                    (abs)        000035
__Hspace_2                                    (abs)        000000
__Hspace_4                                    (abs)        60000A
__Hstack                                      stack        000000
__Hstruct                                     struct       000000
__Htemp                                       temp         000000
__Htext                                       text         000000
__Htext0                                      text0        000000
__Htext1                                      text1        000000
__Htext10                                     text10       000000
__Htext11                                     text11       000000
__Htext12                                     text12       000000
__Htext13                                     text13       000000
__Htext14                                     text14       000000
__Htext15                                     text15       000000
__Htext16                                     text16       000000
__Htext17                                     text17       000000
__Htext18                                     text18       000000
__Htext19                                     text19       000000
__Htext2                                      text2        000000
__Htext20                                     text20       000000
__Htext21                                     text21       000000
__Htext3                                      text3        000000
__Htext4                                      text4        000000
__Htext5                                      text5        000000
__Htext6                                      text6        000000
__Htext7                                      text7        000000
__Htext8                                      text8        000000
__Htext9                                      text9        000000
__LRAM                                        (abs)        000001
__L__absolute__                               __absolute__ 000000
__Labs1                                       abs1         000000
__Lbank0                                      bank0        000000
__Lbank1                                      bank1        000000
__Lbank10                                     bank10       000000
__Lbank11                                     bank11       000000
__Lbank12                                     bank12       000000
__Lbank13                                     bank13       000000
__Lbank14                                     bank14       000000
__Lbank15                                     bank15       000000
__Lbank2                                      bank2        000000
__Lbank3                                      bank3        000000
__Lbank4                                      bank4        000000
__Lbank5                                      bank5        000000
__Lbank6                                      bank6        000000
__Lbank7                                      bank7        000000
__Lbank8                                      bank8        000000
__Lbank9                                      bank9        000000
__Lbigbss                                     bigbss       000000
__Lbigdata                                    bigdata      000000
__Lbigram                                     bigram       000000
__Lbigsfr                                     bigsfr       000000
__Lbss                                        bss          000000
__LbssCOMRAM                                  bssCOMRAM    000000
__Lcinit                                      cinit        000000
__Lclrtext                                    clrtext      000000
__Lcomram                                     comram       000000
__Lconfig                                     config       000000
__Lconst                                      const        000000
__LcstackCOMRAM                               cstackCOMRAM 000000
__Ldata                                       data         000000
__Leeprom_data                                eeprom_data  000000
__Lfarbss                                     farbss       000000
__Lfardata                                    fardata      000000
__Lheap                                       heap         000000
__Libigdata                                   ibigdata     000000
__Lidata                                      idata        000000
__Lidloc                                      idloc        000000
__Lifardata                                   ifardata     000000
__Linit                                       init         00001A
__Lintsave_regs                               intsave_regs 000000
__Lirdata                                     irdata       000000
__Livt0x8                                     ivt0x8       000008
__Lmediumconst                                mediumconst  000000
__LnvCOMRAM                                   nvCOMRAM     000000
__LnvFARRAM                                   nvFARRAM     000000
__Lnvbit                                      nvbit        000000
__Lnvrram                                     nvrram       000000
__Lparam                                      rparam       000000
__Lpowerup                                    powerup      000000
__Lram                                        ram          000000
__Lramtop                                     ramtop       001000
__Lrbit                                       rbit         000000
__Lrbss                                       rbss         000000
__Lrdata                                      rdata        000000
__Lreset_vec                                  reset_vec    000000
__Lrparam                                     rparam       000000
__Lsfr                                        sfr          000000
__Lsmallconst                                 smallconst   001000
__Lspace_0                                    (abs)        000000
__Lspace_1                                    (abs)        000000
__Lspace_2                                    (abs)        000000
__Lspace_4                                    (abs)        000000
__Lstack                                      stack        000000
__Lstruct                                     struct       000000
__Ltemp                                       temp         000000
__Ltext                                       text         000000
__Ltext0                                      text0        000000
__Ltext1                                      text1        000000
__Ltext10                                     text10       000000
__Ltext11                                     text11       000000
__Ltext12                                     text12       000000
__Ltext13                                     text13       000000
__Ltext14                                     text14       000000
__Ltext15                                     text15       000000
__Ltext16                                     text16       000000
__Ltext17                                     text17       000000
__Ltext18                                     text18       000000
__Ltext19                                     text19       000000
__Ltext2                                      text2        000000
__Ltext20                                     text20       000000
__Ltext21                                     text21       000000
__Ltext3                                      text3        000000
__Ltext4                                      text4        000000
__Ltext5                                      text5        000000
__Ltext6                                      text6        000000
__Ltext7                                      text7        000000
__Ltext8                                      text8        000000
__Ltext9                                      text9        000000
__S0                                          (abs)        0013BA
__S1                                          (abs)        000035
__S4                                          (abs)        000000
__S5                                          (abs)        000000
___heap_hi                                    (abs)        000000
___heap_lo                                    (abs)        000000
___inthi_sp                                   stack        000000
___inthi_stack_hi                             stack        000000
___inthi_stack_lo                             stack        000000
___intlo_sp                                   stack        000000
___intlo_stack_hi                             stack        000000
___intlo_stack_lo                             stack        000000
___param_bank                                 (abs)        000000
___rparam_used                                (abs)        000001
___sp                                         stack        000000
___stack_hi                                   stack        000000
___stack_lo                                   stack        000000
__accesstop                                   (abs)        000060
__activetblptr                                (abs)        000003
__end_of_ADCC_Initialize                      text16       0011FA
__end_of_FVR_Initialize                       text15       0013B4
__end_of_I2C1_Initialize                      text14       0012FE
__end_of_INTERRUPT_Initialize                 text13       0013B8
__end_of_INTERRUPT_InterruptManager           text18       00119E
__end_of_OSCILLATOR_Initialize                text12       001384
__end_of_PIN_MANAGER_Initialize               text11       0010D4
__end_of_PMD_Initialize                       text10       0012DC
__end_of_PWM5_Initialize                      text9        00136C
__end_of_PWM5_LoadDutyValue                   text17       00122E
__end_of_SYSTEM_Initialize                    text1        00128C
__end_of_TMR2_Initialize                      text8        00133A
__end_of_TMR6_DefaultInterruptHandler         text20       0013BA
__end_of_TMR6_ISR                             text19       00125E
__end_of_TMR6_Initialize                      text6        0012B8
__end_of_TMR6_SetInterruptHandler             text7        0013AC
__end_of_UART1_Initialize                     text2        00113C
__end_of_UART1_SetErrorHandler                text5        0013A2
__end_of_UART1_SetFramingErrorHandler         text4        001398
__end_of_UART1_SetOverrunErrorHandler         text3        00138E
__end_of__initialization                      cinit        001316
__end_of_i2c1_fsmStateTable                   smallconst   001027
__end_of_main                                 text0        001354
__initialization                              cinit        0012FE
__mediumconst                                 mediumconst  000000
__pbssCOMRAM                                  bssCOMRAM    000001
__pcinit                                      cinit        0012FE
__pcstackCOMRAM                               cstackCOMRAM 00002E
__pivt0x8                                     ivt0x8       000008
__pnvCOMRAM                                   nvCOMRAM     000026
__psmallconst                                 smallconst   001000
__ptext0                                      text0        00133A
__ptext1                                      text1        00125E
__ptext10                                     text10       0012B8
__ptext11                                     text11       001028
__ptext12                                     text12       00136C
__ptext13                                     text13       0013B4
__ptext14                                     text14       0012DC
__ptext15                                     text15       0013AC
__ptext16                                     text16       00119E
__ptext17                                     text17       0011FA
__ptext18                                     text18       00113C
__ptext19                                     text19       00122E
__ptext2                                      text2        0010D4
__ptext20                                     text20       0013B8
__ptext21                                     text21       000000
__ptext3                                      text3        001384
__ptext4                                      text4        00138E
__ptext5                                      text5        001398
__ptext6                                      text6        00128C
__ptext7                                      text7        0013A2
__ptext8                                      text8        00131C
__ptext9                                      text9        001354
__ramtop                                      ramtop       001000
__smallconst                                  smallconst   001000
_i2c1_fsmStateTable                           smallconst   001001
_main                                         text0        00133A
_rd1RegCompleteHandler                        (abs)        000000
_rd2RegCompleteHandler                        (abs)        000000
_rdBlkRegCompleteHandler                      (abs)        000000
_uart1RxLastError                             bssCOMRAM    000025
_wr1RegCompleteHandler                        (abs)        000000
_wr2RegCompleteHandler                        (abs)        000000
end_of_initialization                         cinit        001316
intlevel0                                     text         000000
intlevel1                                     text         000000
intlevel2                                     text         000000
intlevel3                                     text         000000
isa$std                                       (abs)        000001
isa$xinst                                     (abs)        000000
ivt0x8_base                                   ivt0x8       000008
stackhi                                       (abs)        000000
stacklo                                       (abs)        000000
start                                         init         00001A
start_initialization                          cinit        0012FE


MODULE INFORMATION

Module		Function		Class		Link	Load	Size
mcc_generated_files/tmr6.c
		_TMR6_ISR      		CODE           	122E	0000	48
		_TMR6_Initialize		CODE           	128C	0000	44
		_TMR6_SetInterruptHandler		CODE           	13A2	0000	10
		_TMR6_DefaultInterruptHandler		CODE           	13B8	0000	2

mcc_generated_files/tmr6.c estimated size: 104

mcc_generated_files/fvr.c
		_FVR_Initialize		CODE           	13AC	0000	8

mcc_generated_files/fvr.c estimated size: 8

mcc_generated_files/i2c1_master.c
		_I2C1_Initialize		CODE           	12DC	0000	34

mcc_generated_files/i2c1_master.c estimated size: 34

mcc_generated_files/tmr2.c
		_TMR2_Initialize		CODE           	131C	0000	30

mcc_generated_files/tmr2.c estimated size: 30

mcc_generated_files/interrupt_manager.c
		_INTERRUPT_Initialize		CODE           	13B4	0000	4
		_INTERRUPT_InterruptManager		CODE           	113C	0000	98

mcc_generated_files/interrupt_manager.c estimated size: 102

mcc_generated_files/pin_manager.c
		_PIN_MANAGER_Initialize		CODE           	1028	0000	172

mcc_generated_files/pin_manager.c estimated size: 172

mcc_generated_files/uart1.c
		_UART1_SetFramingErrorHandler		CODE           	138E	0000	10
		_UART1_SetOverrunErrorHandler		CODE           	1384	0000	10
		_UART1_Initialize		CODE           	10D4	0000	104
		_UART1_SetErrorHandler		CODE           	1398	0000	10

mcc_generated_files/uart1.c estimated size: 134

shared
		__initialization		CODE           	12FE	0000	24
		_i2c1_fsmStateTable		SMALLCONST     	1001	0000	38

shared estimated size: 62

mcc_generated_files/pwm5.c
		_PWM5_LoadDutyValue		CODE           	11FA	0000	52
		_PWM5_Initialize		CODE           	1354	0000	24

mcc_generated_files/pwm5.c estimated size: 76

mcc_generated_files/mcc.c
		_PMD_Initialize		CODE           	12B8	0000	36
		_OSCILLATOR_Initialize		CODE           	136C	0000	24
		_SYSTEM_Initialize		CODE           	125E	0000	46

mcc_generated_files/mcc.c estimated size: 106

mcc_generated_files/adcc.c
		_ADCC_Initialize		CODE           	119E	0000	92

mcc_generated_files/adcc.c estimated size: 92

main.c
		_main          		CODE           	133A	0000	26

main.c estimated size: 26

