Microchip MPLAB XC8 Compiler V2.45

Linker command line:

-W-3 \
  --edf=C:\Program Files\Microchip\xc8\v2.45\pic\dat\20230818022343_en.msgs \
  -pivt0x8=08h -cn -h+dist/default/production\MacroP2.X.production.sym \
  --cmf=dist/default/production\MacroP2.X.production.cmf -z -Q18F46K42 \
  -oC:\Users\mesas\AppData\Local\Temp\xcBso2o.1\driver_tmp_3.o \
  --defsym=__MPLAB_BUILD=1 --fixupoverflow=error \
  -Mdist/default/production/MacroP2.X.production.map \
  --md=C:\Users\mesas\AppData\Local\Temp\xcBso2o.1\driver_tmp_0.dat -E1 \
  -ver=XC8 Compiler --acfsm=1493 -ACODE=00h-0FFFFh -ACONST=00h-0FFFFh \
  -ASMALLCONST=01000h-010FFhx240 -AMEDIUMCONST=01000h-0FFFFh \
  -ACOMRAM=01h-05Fh -AABS1=00h-0FFFh -ABIGRAM=01h-0FFFh \
  -ARAM=060h-0FFh,0100h-01FFhx15 -ABANK0=060h-0FFh -ABANK1=0100h-01FFh \
  -ABANK2=0200h-02FFh -ABANK3=0300h-03FFh -ABANK4=0400h-04FFh \
  -ABANK5=0500h-05FFh -ABANK6=0600h-06FFh -ABANK7=0700h-07FFh \
  -ABANK8=0800h-08FFh -ABANK9=0900h-09FFh -ABANK10=0A00h-0AFFh \
  -ABANK11=0B00h-0BFFh -ABANK12=0C00h-0CFFh -ABANK13=0D00h-0DFFh \
  -ABANK14=0E00h-0EFFh -ABANK15=0F00h-0FFFh \
  -ASFR=03800h-038FFhx7,03F00h-03F5Fh,03F60h-03FFFh -ABIGSFR=03800h-03FFFh \
  -ACONFIG=0300000h-0300009h -AIDLOC=0200000h-020000Fh \
  -AEEDATA=0310000h-03103FFh -peeprom_data=EEDATA -preset_vec=00h \
  -ppowerup=CODE,init -pramtop=01000h -psmallconst=SMALLCONST \
  -pmediumconst=MEDIUMCONST -pconst=CONST -AFARRAM=00h-00h \
  -prdata=COMRAM,nvrram=COMRAM,nvbit=COMRAM,rbss=COMRAM,rbit=COMRAM \
  -pfarbss=FARRAM,fardata=FARRAM,nvFARRAM=FARRAM \
  -pintsave_regs=BIGRAM,bigbss=BIGRAM,bigdata=BIGRAM -pbss=RAM \
  -pidata=CODE,irdata=CODE,ibigdata=CODE,ifardata=CODE -prparam=COMRAM \
  C:\Users\mesas\AppData\Local\Temp\xcBso2o.1\driver_tmp_14.o \
  dist/default/production\MacroP2.X.production.o 

Object code version is 3.11

Machine type is 18F46K42



                Name                               Link     Load   Length Selector   Space Scale
C:\Users\mesas\AppData\Local\Temp\xcBso2o.1\driver_tmp_14.o
                config                           300000   300000        A        0       4
                init                                 1A       1A        4        4       0
                reset_vec                             0        0        4        0       0
dist/default/production\MacroP2.X.production.o
                config                           300000   300000        A        0       4
                smallconst                         1000     1000       6A      800       0
                ivt0x8                                8        8       12        4       0
                text40                             2BAE     2BAE       32      835       0
                text39                             2D50     2D50        2      835       0
                text38                             2B7C     2B7C       32      835       0
                text37                             2CB8     2CB8       1A      835       0
                text36                             2C0E     2C0E       2A      835       0
                text35                             242C     242C      104      835       0
                text34                             2324     2324      108      835       0
                text33                             2170     2170      1B4      835       0
                text32                             1978     1978      39A      835       0
                text31                             152A     152A      44E      835       0
                text30                             106A     106A      4C0      835       0
                text29                             2A24     2A24       46      835       0
                text28                             2530     2530       FA      835       0
                text27                             262A     262A       C4      835       0
                text26                             26EE     26EE       B0      835       0
                text25                             2B16     2B16       34      835       0
                text24                             2D36     2D36        A      835       0
                text23                             284A     284A       AC      835       0
                text22                             1F96     1F96      1DA      835       0
                text21                             2A6A     2A6A       42      835       0
                text20                             2AE2     2AE2       34      835       0
                text19                             1D12     1D12      284      835       0
                text18                             2AAC     2AAC       36      835       0
                text17                             29C8     29C8       5C      835       0
                text16                             2D02     2D02        C      835       0
                text15                             2D40     2D40        8      835       0
                text14                             2C5C     2C5C       22      835       0
                text13                             2D4C     2D4C        4      835       0
                text12                             2CEA     2CEA       18      835       0
                text11                             279E     279E       AC      835       0
                text10                             2C38     2C38       24      835       0
                text9                              2CD2     2CD2       18      835       0
                text8                              2C7E     2C7E       1E      835       0
                text7                              2D2C     2D2C        A      835       0
                text6                              2BE0     2BE0       2E      835       0
                text5                              2D22     2D22        A      835       0
                text4                              2D18     2D18        A      835       0
                text3                              2D0E     2D0E        A      835       0
                text2                              28F6     28F6       70      835       0
                text1                              2B4A     2B4A       32      835       0
                text0                              2C9C     2C9C       1C      835       0
                cstackCOMRAM                          1        1       5E        1       1
                cstackBANK0                          D7       D7       18       60       1
                cstackBANK1                         120      120        4      100       1
                bssBIGRAM                           124      124      200      124       1
                bssBANK1                            100      100       20      100       1
                dataBANK0                            F7       F7        4       60       1
                bssBANK0                             60       60       77       60       1
                bssCOMRAM                            5F       5F        1        1       1
                cinit                              2966     2966       62      835       0
                nvBANK0                              EF       EF        8       60       1
                idataBANK0                         2D48     2D48        4      835       0

TOTAL           Name                               Link     Load   Length     Space
        CLASS   CODE           
                init                                 1A       1A        4         0
                reset_vec                             0        0        4         0
                ivt0x8                                8        8       12         0
                text40                             2BAE     2BAE       32         0
                text39                             2D50     2D50        2         0
                text38                             2B7C     2B7C       32         0
                text37                             2CB8     2CB8       1A         0
                text36                             2C0E     2C0E       2A         0
                text35                             242C     242C      104         0
                text34                             2324     2324      108         0
                text33                             2170     2170      1B4         0
                text32                             1978     1978      39A         0
                text31                             152A     152A      44E         0
                text30                             106A     106A      4C0         0
                text29                             2A24     2A24       46         0
                text28                             2530     2530       FA         0
                text27                             262A     262A       C4         0
                text26                             26EE     26EE       B0         0
                text25                             2B16     2B16       34         0
                text24                             2D36     2D36        A         0
                text23                             284A     284A       AC         0
                text22                             1F96     1F96      1DA         0
                text21                             2A6A     2A6A       42         0
                text20                             2AE2     2AE2       34         0
                text19                             1D12     1D12      284         0
                text18                             2AAC     2AAC       36         0
                text17                             29C8     29C8       5C         0
                text16                             2D02     2D02        C         0
                text15                             2D40     2D40        8         0
                text14                             2C5C     2C5C       22         0
                text13                             2D4C     2D4C        4         0
                text12                             2CEA     2CEA       18         0
                text11                             279E     279E       AC         0
                text10                             2C38     2C38       24         0
                text9                              2CD2     2CD2       18         0
                text8                              2C7E     2C7E       1E         0
                text7                              2D2C     2D2C        A         0
                text6                              2BE0     2BE0       2E         0
                text5                              2D22     2D22        A         0
                text4                              2D18     2D18        A         0
                text3                              2D0E     2D0E        A         0
                text2                              28F6     28F6       70         0
                text1                              2B4A     2B4A       32         0
                text0                              2C9C     2C9C       1C         0
                cinit                              2966     2966       62         0
                idataBANK0                         2D48     2D48        4         0

        CLASS   CONST          

        CLASS   SMALLCONST     
                smallconst                         1000     1000       6A         0

        CLASS   MEDIUMCONST    

        CLASS   COMRAM         
                cstackCOMRAM                          1        1       5E         1
                bssCOMRAM                            5F       5F        1         1

        CLASS   ABS1           

        CLASS   BIGRAM         
                bssBIGRAM                           124      124      200         1

        CLASS   RAM            

        CLASS   BANK0          
                cstackBANK0                          D7       D7       18         1
                dataBANK0                            F7       F7        4         1
                bssBANK0                             60       60       77         1
                nvBANK0                              EF       EF        8         1

        CLASS   BANK1          
                cstackBANK1                         120      120        4         1
                bssBANK1                            100      100       20         1

        CLASS   BANK2          

        CLASS   BANK3          

        CLASS   BANK4          

        CLASS   BANK5          

        CLASS   BANK6          

        CLASS   BANK7          

        CLASS   BANK8          

        CLASS   BANK9          

        CLASS   BANK10         

        CLASS   BANK11         

        CLASS   BANK12         

        CLASS   BANK13         

        CLASS   BANK14         

        CLASS   BANK15         

        CLASS   SFR            

        CLASS   BIGSFR         

        CLASS   CONFIG         
                config                           300000   300000        A         4

        CLASS   IDLOC          

        CLASS   EEDATA         

        CLASS   FARRAM         

        CLASS   HEAP           

        CLASS   STACK          



SEGMENTS        Name                           Load    Length   Top    Selector   Space  Class

                reset_vec                      000000  000004  000004         0       0  CODE    
                cstackCOMRAM                   000001  00005F  000060         1       1  COMRAM  
                ivt0x8                         000008  000016  00001E         4       0  CODE    
                bssBANK0                       000060  00009B  0000FB        60       1  BANK0   
                bssBANK1                       000100  000024  000124       100       1  BANK1   
                bssBIGRAM                      000124  000200  000324       124       1  BIGRAM  
                smallconst                     001000  00006A  00106A       800       0  SMALLCON
                text30                         00106A  001CE8  002D52       835       0  CODE    


UNUSED ADDRESS RANGES

        Name                Unused          Largest block    Delta
        BANK0            0000FB-0000FF                5
        BANK10           000A00-000AFF              100
        BANK11           000B00-000BFF              100
        BANK12           000C00-000CFF              100
        BANK13           000D00-000DFF              100
        BANK14           000E00-000EFF              100
        BANK15           000F00-000FFF              100
        BANK3            000324-0003FF               DC
        BANK4            000400-0004FF              100
        BANK5            000500-0005FF              100
        BANK6            000600-0006FF              100
        BANK7            000700-0007FF              100
        BANK8            000800-0008FF              100
        BANK9            000900-0009FF              100
        BIGRAM           0000FB-0000FF                5
                         000324-000FFF              CDC
        BIGSFR           003800-003FFF              800
        CODE             000004-000007                4
                         00001E-000FFF              FE2
                         002D52-00FFFF             D2AE
        CONST            000004-000007                4
                         00001E-000FFF              FE2
                         002D52-00FFFF             D2AE
        EEDATA           310000-3103FF              400
        IDLOC            200000-20000F               10
        MEDIUMCONST      002D52-00FFFF             D2AE
        RAM              0000FB-0000FF                5
                         000324-000FFF              100
        SFR              003800-003FFF              100
        SMALLCONST       002D52-00FFFF              100

                                  Symbol Table

?_ADCC_GetSingleConversion                    cstackCOMRAM 000001
?___awdiv                                     cstackCOMRAM 000001
?___awmod                                     cstackCOMRAM 000001
?___fladd                                     cstackCOMRAM 000001
?___fldiv                                     cstackCOMRAM 000032
?___flmul                                     cstackCOMRAM 000019
?___flsub                                     cstackCOMRAM 000011
?___fltol                                     cstackBANK0  0000DB
?___xxtofl                                    cstackCOMRAM 000006
?_abs                                         cstackCOMRAM 000007
?_map                                         cstackCOMRAM 00004B
?_sprintf                                     cstackCOMRAM 00001A
?_vfprintf                                    cstackCOMRAM 000016
ADCC_GetSingleConversion@channel              cstackCOMRAM 000005
INTERRUPT_InterruptManager@mapeado            cstackBANK0  0000ED
IVTBASEH                                      (abs)        003FD6
IVTBASEL                                      (abs)        003FD5
IVTBASEU                                      (abs)        003FD7
PWM5_LoadDutyValue@dutyValue                  cstackBANK1  000120
TMR6_SetInterruptHandler@InterruptHandler     cstackBANK1  000120
UART1_SetErrorHandler@interruptHandler        cstackBANK1  000120
UART1_SetFramingErrorHandler@interruptHandler cstackBANK1  000120
UART1_SetOverrunErrorHandler@interruptHandler cstackBANK1  000120
UART1_Write@txData                            cstackCOMRAM 000001
UART_SendString@str                           cstackCOMRAM 000002
_ADACCH                                       (abs)        003EE9
_ADACCL                                       (abs)        003EE8
_ADACCU                                       (abs)        003EEA
_ADACQH                                       (abs)        003EF4
_ADACQL                                       (abs)        003EF3
_ADACT                                        (abs)        003EFE
_ADCAP                                        (abs)        003EF5
_ADCC_GetSingleConversion                     text40       002BAE
_ADCC_Initialize                              text17       0029C8
_ADCLK                                        (abs)        003EFF
_ADCNT                                        (abs)        003EEB
_ADCON0                                       (abs)        003EF8
_ADCON0bits                                   (abs)        003EF8
_ADCON1                                       (abs)        003EF9
_ADCON1bits                                   (abs)        003EF9
_ADCON2                                       (abs)        003EFA
_ADCON2bits                                   (abs)        003EFA
_ADCON3                                       (abs)        003EFB
_ADCON3bits                                   (abs)        003EFB
_ADC_0_Grados                                 bssBANK0     0000C0
_ADC_90_Grados                                bssBANK0     0000BE
_ADERRH                                       (abs)        003EE3
_ADERRL                                       (abs)        003EE2
_ADFLTRH                                      (abs)        003EE7
_ADFLTRL                                      (abs)        003EE6
_ADLTHH                                       (abs)        003EDF
_ADLTHL                                       (abs)        003EDE
_ADPCH                                        (abs)        003EF1
_ADPREH                                       (abs)        003EF7
_ADPREL                                       (abs)        003EF6
_ADPREVH                                      (abs)        003EEE
_ADPREVL                                      (abs)        003EED
_ADREF                                        (abs)        003EFD
_ADRESH                                       (abs)        003EF0
_ADRESL                                       (abs)        003EEF
_ADRPT                                        (abs)        003EEC
_ADSTAT                                       (abs)        003EFC
_ADSTATbits                                   (abs)        003EFC
_ADSTPTH                                      (abs)        003EE5
_ADSTPTL                                      (abs)        003EE4
_ADUTHH                                       (abs)        003EE1
_ADUTHL                                       (abs)        003EE0
_ANSELA                                       (abs)        003A40
_ANSELB                                       (abs)        003A50
_ANSELC                                       (abs)        003A60
_ANSELD                                       (abs)        003A70
_ANSELE                                       (abs)        003A80
_B                                            smallconst   001027
_CCPTMRS1bits                                 (abs)        003F5F
_DAC1CON0                                     (abs)        003E9E
_DAC1CON1                                     (abs)        003E9C
_DAC1_Initialize                              text16       002D02
_FVRCON                                       (abs)        003EC1
_FVRCONbits                                   (abs)        003EC1
_FVR_Initialize                               text15       002D40
_I2C1CLK                                      (abs)        003D7B
_I2C1CNT                                      (abs)        003D6C
_I2C1CON0                                     (abs)        003D73
_I2C1CON0bits                                 (abs)        003D73
_I2C1CON1                                     (abs)        003D74
_I2C1CON1bits                                 (abs)        003D74
_I2C1CON2                                     (abs)        003D75
_I2C1ERR                                      (abs)        003D76
_I2C1ERRbits                                  (abs)        003D76
_I2C1PIE                                      (abs)        003D7A
_I2C1PIEbits                                  (abs)        003D7A
_I2C1PIR                                      (abs)        003D79
_I2C1PIRbits                                  (abs)        003D79
_I2C1RXB                                      (abs)        003D6A
_I2C1SCLPPS                                   (abs)        003AE1
_I2C1SDAPPS                                   (abs)        003AE2
_I2C1STAT1bits                                (abs)        003D78
_I2C1TXB                                      (abs)        003D6B
_I2C1_CallbackReturnReset                     (abs)        000000
_I2C1_CallbackReturnStop                      (abs)        000000
_I2C1_DO_ADDRESS_NACK                         (abs)        000000
_I2C1_DO_BUS_COLLISION                        (abs)        000000
_I2C1_DO_BUS_ERROR                            (abs)        000000
_I2C1_DO_IDLE                                 (abs)        000000
_I2C1_DO_RESET                                (abs)        000000
_I2C1_DO_RX                                   (abs)        000000
_I2C1_DO_RX_ACK                               (abs)        000000
_I2C1_DO_RX_EMPTY                             (abs)        000000
_I2C1_DO_RX_NACK_RESTART                      (abs)        000000
_I2C1_DO_RX_NACK_STOP                         (abs)        000000
_I2C1_DO_SEND_ADR_READ                        (abs)        000000
_I2C1_DO_SEND_ADR_WRITE                       (abs)        000000
_I2C1_DO_SEND_RESTART                         (abs)        000000
_I2C1_DO_SEND_RESTART_READ                    (abs)        000000
_I2C1_DO_SEND_RESTART_WRITE                   (abs)        000000
_I2C1_DO_SEND_STOP                            (abs)        000000
_I2C1_DO_TX                                   (abs)        000000
_I2C1_DO_TX_ACK                               (abs)        000000
_I2C1_DO_TX_EMPTY                             (abs)        000000
_I2C1_Initialize                              text14       002C5C
_I2C1_Status                                  bssBANK0     000060
_INLVLA                                       (abs)        003A44
_INLVLB                                       (abs)        003A54
_INLVLC                                       (abs)        003A64
_INLVLD                                       (abs)        003A74
_INLVLE                                       (abs)        003A84
_INTCON0bits                                  (abs)        003FD2
_INTERRUPT_Initialize                         text13       002D4C
_INTERRUPT_InterruptManager                   text19       001D12
_LATA                                         (abs)        003FBA
_LATB                                         (abs)        003FBB
_LATC                                         (abs)        003FBC
_LATD                                         (abs)        003FBD
_LATE                                         (abs)        003FBE
_ODCONA                                       (abs)        003A42
_ODCONB                                       (abs)        003A52
_ODCONC                                       (abs)        003A62
_ODCOND                                       (abs)        003A72
_ODCONE                                       (abs)        003A82
_OSCCON1                                      (abs)        0039D9
_OSCCON3                                      (abs)        0039DB
_OSCEN                                        (abs)        0039DD
_OSCFRQ                                       (abs)        0039DF
_OSCILLATOR_Initialize                        text12       002CEA
_OSCTUNE                                      (abs)        0039DE
_PIE2bits                                     (abs)        003992
_PIE3bits                                     (abs)        003993
_PIE9bits                                     (abs)        003999
_PIN_MANAGER_Initialize                       text11       00279E
_PIR2bits                                     (abs)        0039A2
_PIR3bits                                     (abs)        0039A3
_PIR4bits                                     (abs)        0039A4
_PIR9bits                                     (abs)        0039A9
_PMD0                                         (abs)        0039C0
_PMD1                                         (abs)        0039C1
_PMD2                                         (abs)        0039C2
_PMD3                                         (abs)        0039C3
_PMD4                                         (abs)        0039C4
_PMD5                                         (abs)        0039C5
_PMD6                                         (abs)        0039C6
_PMD7                                         (abs)        0039C7
_PMD_Initialize                               text10       002C38
_PR2                                          (abs)        003FAB
_PR6                                          (abs)        003F93
_PWM5CON                                      (abs)        003F6E
_PWM5DCH                                      (abs)        003F6D
_PWM5DCL                                      (abs)        003F6C
_PWM5_Initialize                              text9        002CD2
_PWM5_LoadDutyValue                           text18       002AAC
_RB1I2C                                       (abs)        003A5A
_RB1PPS                                       (abs)        003A09
_RB2I2C                                       (abs)        003A5B
_RB2PPS                                       (abs)        003A0A
_RC2PPS                                       (abs)        003A12
_RC3I2C                                       (abs)        003A6A
_RC4I2C                                       (abs)        003A6B
_RC6PPS                                       (abs)        003A16
_RD0I2C                                       (abs)        003A7A
_RD1I2C                                       (abs)        003A7B
_SLRCONA                                      (abs)        003A43
_SLRCONB                                      (abs)        003A53
_SLRCONC                                      (abs)        003A63
_SLRCOND                                      (abs)        003A73
_SLRCONE                                      (abs)        003A83
_SYSTEM_Initialize                            text1        002B4A
_T2CLKCON                                     (abs)        003FAE
_T2CON                                        (abs)        003FAC
_T2CONbits                                    (abs)        003FAC
_T2HLT                                        (abs)        003FAD
_T2HLTbits                                    (abs)        003FAD
_T2PR                                         (abs)        003FAB
_T2RST                                        (abs)        003FAF
_T2RSTbits                                    (abs)        003FAF
_T2TMR                                        (abs)        003FAA
_T6CLKCON                                     (abs)        003F96
_T6CON                                        (abs)        003F94
_T6CONbits                                    (abs)        003F94
_T6HLT                                        (abs)        003F95
_T6HLTbits                                    (abs)        003F95
_T6PR                                         (abs)        003F93
_T6RST                                        (abs)        003F97
_T6RSTbits                                    (abs)        003F97
_T6TMR                                        (abs)        003F92
_TMR2                                         (abs)        003FAA
_TMR2_Initialize                              text8        002C7E
_TMR6                                         (abs)        003F92
_TMR6_DefaultInterruptHandler                 text39       002D50
_TMR6_ISR                                     text38       002B7C
_TMR6_Initialize                              text6        002BE0
_TMR6_InterruptHandler                        nvBANK0      0000EF
_TMR6_SetInterruptHandler                     text7        002D2C
_TRISA                                        (abs)        003FC2
_TRISB                                        (abs)        003FC3
_TRISC                                        (abs)        003FC4
_TRISD                                        (abs)        003FC5
_TRISE                                        (abs)        003FC6
_U1BRGH                                       (abs)        003DF6
_U1BRGL                                       (abs)        003DF5
_U1CON0                                       (abs)        003DF2
_U1CON0bits                                   (abs)        003DF2
_U1CON1                                       (abs)        003DF3
_U1CON2                                       (abs)        003DF4
_U1ERRIE                                      (abs)        003DFA
_U1ERRIR                                      (abs)        003DF9
_U1ERRIRbits                                  (abs)        003DF9
_U1FIFO                                       (abs)        003DF7
_U1P1H                                        (abs)        003DED
_U1P1L                                        (abs)        003DEC
_U1P2H                                        (abs)        003DEF
_U1P2L                                        (abs)        003DEE
_U1P3H                                        (abs)        003DF1
_U1P3L                                        (abs)        003DF0
_U1RXB                                        (abs)        003DE8
_U1RXPPS                                      (abs)        003AE5
_U1TXB                                        (abs)        003DEA
_U1UIR                                        (abs)        003DF8
_UART1_DefaultErrorHandler                    (abs)        000000
_UART1_DefaultFramingErrorHandler             (abs)        000000
_UART1_DefaultOverrunErrorHandler             (abs)        000000
_UART1_ErrorHandler                           nvBANK0      0000F1
_UART1_FramingErrorHandler                    nvBANK0      0000F5
_UART1_Initialize                             text2        0028F6
_UART1_OverrunErrorHandler                    nvBANK0      0000F3
_UART1_SetErrorHandler                        text5        002D22
_UART1_SetFramingErrorHandler                 text4        002D18
_UART1_SetOverrunErrorHandler                 text3        002D0E
_UART1_Write                                  text37       002CB8
_UART_SendString                              text36       002C0E
_WPUA                                         (abs)        003A41
_WPUB                                         (abs)        003A51
_WPUC                                         (abs)        003A61
_WPUD                                         (abs)        003A71
_WPUE                                         (abs)        003A81
__HRAM                                        (abs)        000000
__H__absolute__                               __absolute__ 000000
__Habs1                                       abs1         000000
__Hbank0                                      bank0        000000
__Hbank1                                      bank1        000000
__Hbank10                                     bank10       000000
__Hbank11                                     bank11       000000
__Hbank12                                     bank12       000000
__Hbank13                                     bank13       000000
__Hbank14                                     bank14       000000
__Hbank15                                     bank15       000000
__Hbank2                                      bank2        000000
__Hbank3                                      bank3        000000
__Hbank4                                      bank4        000000
__Hbank5                                      bank5        000000
__Hbank6                                      bank6        000000
__Hbank7                                      bank7        000000
__Hbank8                                      bank8        000000
__Hbank9                                      bank9        000000
__Hbigbss                                     bigbss       000000
__Hbigdata                                    bigdata      000000
__Hbigram                                     bigram       000000
__Hbigsfr                                     bigsfr       000000
__Hbss                                        bss          000000
__HbssBANK0                                   bssBANK0     000000
__HbssBANK1                                   bssBANK1     000000
__HbssBIGRAM                                  bssBIGRAM    000000
__HbssCOMRAM                                  bssCOMRAM    000000
__Hcinit                                      cinit        000000
__Hclrtext                                    clrtext      000000
__Hcomram                                     comram       000000
__Hconfig                                     config       30000A
__Hconst                                      const        000000
__HcstackBANK0                                cstackBANK0  000000
__HcstackBANK1                                cstackBANK1  000000
__HcstackCOMRAM                               cstackCOMRAM 000000
__Hdata                                       data         000000
__HdataBANK0                                  dataBANK0    000000
__Heeprom_data                                eeprom_data  000000
__Hfarbss                                     farbss       000000
__Hfardata                                    fardata      000000
__Hheap                                       heap         000000
__Hibigdata                                   ibigdata     000000
__Hidata                                      idata        000000
__HidataBANK0                                 idataBANK0   000000
__Hidloc                                      idloc        000000
__Hifardata                                   ifardata     000000
__Hinit                                       init         00001E
__Hintsave_regs                               intsave_regs 000000
__Hirdata                                     irdata       000000
__Hivt0x8                                     ivt0x8       00001A
__Hmediumconst                                mediumconst  000000
__HnvBANK0                                    nvBANK0      000000
__HnvFARRAM                                   nvFARRAM     000000
__Hnvbit                                      nvbit        000000
__Hnvrram                                     nvrram       000000
__Hparam                                      rparam       000000
__Hpowerup                                    powerup      000000
__Hram                                        ram          000000
__Hramtop                                     ramtop       001000
__Hrbit                                       rbit         000000
__Hrbss                                       rbss         000000
__Hrdata                                      rdata        000000
__Hreset_vec                                  reset_vec    000004
__Hrparam                                     rparam       000000
__Hsfr                                        sfr          000000
__Hsmallconst                                 smallconst   00106A
__Hspace_0                                    (abs)        002D52
__Hspace_1                                    (abs)        000324
__Hspace_2                                    (abs)        000000
__Hspace_4                                    (abs)        60000A
__Hstack                                      stack        000000
__Hstruct                                     struct       000000
__Htemp                                       temp         000000
__Htext                                       text         000000
__Htext0                                      text0        000000
__Htext1                                      text1        000000
__Htext10                                     text10       000000
__Htext11                                     text11       000000
__Htext12                                     text12       000000
__Htext13                                     text13       000000
__Htext14                                     text14       000000
__Htext15                                     text15       000000
__Htext16                                     text16       000000
__Htext17                                     text17       000000
__Htext18                                     text18       000000
__Htext19                                     text19       000000
__Htext2                                      text2        000000
__Htext20                                     text20       000000
__Htext21                                     text21       000000
__Htext22                                     text22       000000
__Htext23                                     text23       000000
__Htext24                                     text24       000000
__Htext25                                     text25       000000
__Htext26                                     text26       000000
__Htext27                                     text27       000000
__Htext28                                     text28       000000
__Htext29                                     text29       000000
__Htext3                                      text3        000000
__Htext30                                     text30       000000
__Htext31                                     text31       000000
__Htext32                                     text32       000000
__Htext33                                     text33       000000
__Htext34                                     text34       000000
__Htext35                                     text35       000000
__Htext36                                     text36       000000
__Htext37                                     text37       000000
__Htext38                                     text38       000000
__Htext39                                     text39       000000
__Htext4                                      text4        000000
__Htext40                                     text40       000000
__Htext41                                     text41       000000
__Htext5                                      text5        000000
__Htext6                                      text6        000000
__Htext7                                      text7        000000
__Htext8                                      text8        000000
__Htext9                                      text9        000000
__LRAM                                        (abs)        000001
__L__absolute__                               __absolute__ 000000
__Labs1                                       abs1         000000
__Lbank0                                      bank0        000000
__Lbank1                                      bank1        000000
__Lbank10                                     bank10       000000
__Lbank11                                     bank11       000000
__Lbank12                                     bank12       000000
__Lbank13                                     bank13       000000
__Lbank14                                     bank14       000000
__Lbank15                                     bank15       000000
__Lbank2                                      bank2        000000
__Lbank3                                      bank3        000000
__Lbank4                                      bank4        000000
__Lbank5                                      bank5        000000
__Lbank6                                      bank6        000000
__Lbank7                                      bank7        000000
__Lbank8                                      bank8        000000
__Lbank9                                      bank9        000000
__Lbigbss                                     bigbss       000000
__Lbigdata                                    bigdata      000000
__Lbigram                                     bigram       000000
__Lbigsfr                                     bigsfr       000000
__Lbss                                        bss          000000
__LbssBANK0                                   bssBANK0     000000
__LbssBANK1                                   bssBANK1     000000
__LbssBIGRAM                                  bssBIGRAM    000000
__LbssCOMRAM                                  bssCOMRAM    000000
__Lcinit                                      cinit        000000
__Lclrtext                                    clrtext      000000
__Lcomram                                     comram       000000
__Lconfig                                     config       000000
__Lconst                                      const        000000
__LcstackBANK0                                cstackBANK0  000000
__LcstackBANK1                                cstackBANK1  000000
__LcstackCOMRAM                               cstackCOMRAM 000000
__Ldata                                       data         000000
__LdataBANK0                                  dataBANK0    000000
__Leeprom_data                                eeprom_data  000000
__Lfarbss                                     farbss       000000
__Lfardata                                    fardata      000000
__Lheap                                       heap         000000
__Libigdata                                   ibigdata     000000
__Lidata                                      idata        000000
__LidataBANK0                                 idataBANK0   000000
__Lidloc                                      idloc        000000
__Lifardata                                   ifardata     000000
__Linit                                       init         00001A
__Lintsave_regs                               intsave_regs 000000
__Lirdata                                     irdata       000000
__Livt0x8                                     ivt0x8       000008
__Lmediumconst                                mediumconst  000000
__LnvBANK0                                    nvBANK0      000000
__LnvFARRAM                                   nvFARRAM     000000
__Lnvbit                                      nvbit        000000
__Lnvrram                                     nvrram       000000
__Lparam                                      rparam       000000
__Lpowerup                                    powerup      000000
__Lram                                        ram          000000
__Lramtop                                     ramtop       001000
__Lrbit                                       rbit         000000
__Lrbss                                       rbss         000000
__Lrdata                                      rdata        000000
__Lreset_vec                                  reset_vec    000000
__Lrparam                                     rparam       000000
__Lsfr                                        sfr          000000
__Lsmallconst                                 smallconst   001000
__Lspace_0                                    (abs)        000000
__Lspace_1                                    (abs)        000000
__Lspace_2                                    (abs)        000000
__Lspace_4                                    (abs)        000000
__Lstack                                      stack        000000
__Lstruct                                     struct       000000
__Ltemp                                       temp         000000
__Ltext                                       text         000000
__Ltext0                                      text0        000000
__Ltext1                                      text1        000000
__Ltext10                                     text10       000000
__Ltext11                                     text11       000000
__Ltext12                                     text12       000000
__Ltext13                                     text13       000000
__Ltext14                                     text14       000000
__Ltext15                                     text15       000000
__Ltext16                                     text16       000000
__Ltext17                                     text17       000000
__Ltext18                                     text18       000000
__Ltext19                                     text19       000000
__Ltext2                                      text2        000000
__Ltext20                                     text20       000000
__Ltext21                                     text21       000000
__Ltext22                                     text22       000000
__Ltext23                                     text23       000000
__Ltext24                                     text24       000000
__Ltext25                                     text25       000000
__Ltext26                                     text26       000000
__Ltext27                                     text27       000000
__Ltext28                                     text28       000000
__Ltext29                                     text29       000000
__Ltext3                                      text3        000000
__Ltext30                                     text30       000000
__Ltext31                                     text31       000000
__Ltext32                                     text32       000000
__Ltext33                                     text33       000000
__Ltext34                                     text34       000000
__Ltext35                                     text35       000000
__Ltext36                                     text36       000000
__Ltext37                                     text37       000000
__Ltext38                                     text38       000000
__Ltext39                                     text39       000000
__Ltext4                                      text4        000000
__Ltext40                                     text40       000000
__Ltext41                                     text41       000000
__Ltext5                                      text5        000000
__Ltext6                                      text6        000000
__Ltext7                                      text7        000000
__Ltext8                                      text8        000000
__Ltext9                                      text9        000000
__S0                                          (abs)        002D52
__S1                                          (abs)        000324
__S4                                          (abs)        000000
__S5                                          (abs)        000000
___awdiv                                      text27       00262A
___awdiv@counter                              cstackCOMRAM 000005
___awdiv@dividend                             cstackCOMRAM 000001
___awdiv@divisor                              cstackCOMRAM 000003
___awdiv@quotient                             cstackCOMRAM 000007
___awdiv@sign                                 cstackCOMRAM 000006
___awmod                                      text26       0026EE
___awmod@counter                              cstackCOMRAM 000005
___awmod@dividend                             cstackCOMRAM 000001
___awmod@divisor                              cstackCOMRAM 000003
___awmod@sign                                 cstackCOMRAM 000006
___fladd                                      text30       00106A
___fladd@a                                    cstackCOMRAM 000005
___fladd@aexp                                 cstackCOMRAM 00000E
___fladd@b                                    cstackCOMRAM 000001
___fladd@bexp                                 cstackCOMRAM 00000F
___fladd@grs                                  cstackCOMRAM 000010
___fladd@signs                                cstackCOMRAM 00000D
___fldiv                                      text32       001978
___fldiv@a                                    cstackCOMRAM 000036
___fldiv@aexp                                 cstackCOMRAM 00004A
___fldiv@b                                    cstackCOMRAM 000032
___fldiv@bexp                                 cstackCOMRAM 000049
___fldiv@grs                                  cstackCOMRAM 000045
___fldiv@new_exp                              cstackCOMRAM 000043
___fldiv@rem                                  cstackCOMRAM 00003E
___fldiv@sign                                 cstackCOMRAM 000042
___flge                                       text35       00242C
___flge@ff1                                   cstackCOMRAM 000001
___flge@ff2                                   cstackCOMRAM 000005
___flmul                                      text31       00152A
___flmul@a                                    cstackCOMRAM 00001D
___flmul@aexp                                 cstackCOMRAM 00002A
___flmul@b                                    cstackCOMRAM 000019
___flmul@bexp                                 cstackCOMRAM 00002B
___flmul@grs                                  cstackCOMRAM 000026
___flmul@prod                                 cstackCOMRAM 00002C
___flmul@sign                                 cstackCOMRAM 000025
___flmul@temp                                 cstackCOMRAM 000030
___flsub                                      text29       002A24
___flsub@a                                    cstackCOMRAM 000015
___flsub@b                                    cstackCOMRAM 000011
___fltol                                      text34       002324
___fltol@exp1                                 cstackBANK0  0000E4
___fltol@f1                                   cstackBANK0  0000DB
___fltol@sign1                                cstackBANK0  0000E3
___heap_hi                                    (abs)        000000
___heap_lo                                    (abs)        000000
___inthi_sp                                   stack        000000
___inthi_stack_hi                             stack        000000
___inthi_stack_lo                             stack        000000
___intlo_sp                                   stack        000000
___intlo_stack_hi                             stack        000000
___intlo_stack_lo                             stack        000000
___param_bank                                 (abs)        000000
___rparam_used                                (abs)        000001
___sp                                         stack        000000
___stack_hi                                   stack        000000
___stack_lo                                   stack        000000
___xxtofl                                     text33       002170
___xxtofl@arg                                 cstackCOMRAM 000010
___xxtofl@exp                                 cstackCOMRAM 00000F
___xxtofl@sign                                cstackCOMRAM 00000E
___xxtofl@val                                 cstackCOMRAM 000006
__accesstop                                   (abs)        000060
__activetblptr                                (abs)        000003
__end_of_ADCC_GetSingleConversion             text40       002BE0
__end_of_ADCC_Initialize                      text17       002A24
__end_of_B                                    smallconst   001037
__end_of_DAC1_Initialize                      text16       002D0E
__end_of_FVR_Initialize                       text15       002D48
__end_of_I2C1_Initialize                      text14       002C7E
__end_of_INTERRUPT_Initialize                 text13       002D50
__end_of_INTERRUPT_InterruptManager           text19       001F96
__end_of_OSCILLATOR_Initialize                text12       002D02
__end_of_PIN_MANAGER_Initialize               text11       00284A
__end_of_PMD_Initialize                       text10       002C5C
__end_of_PWM5_Initialize                      text9        002CEA
__end_of_PWM5_LoadDutyValue                   text18       002AE2
__end_of_SYSTEM_Initialize                    text1        002B7C
__end_of_TMR2_Initialize                      text8        002C9C
__end_of_TMR6_DefaultInterruptHandler         text39       002D52
__end_of_TMR6_ISR                             text38       002BAE
__end_of_TMR6_Initialize                      text6        002C0E
__end_of_TMR6_SetInterruptHandler             text7        002D36
__end_of_UART1_Initialize                     text2        002966
__end_of_UART1_SetErrorHandler                text5        002D2C
__end_of_UART1_SetFramingErrorHandler         text4        002D22
__end_of_UART1_SetOverrunErrorHandler         text3        002D18
__end_of_UART1_Write                          text37       002CD2
__end_of_UART_SendString                      text36       002C38
__end_of___awdiv                              text27       0026EE
__end_of___awmod                              text26       00279E
__end_of___fladd                              text30       00152A
__end_of___fldiv                              text32       001D12
__end_of___flge                               text35       002530
__end_of___flmul                              text31       001978
__end_of___flsub                              text29       002A6A
__end_of___fltol                              text34       00242C
__end_of___xxtofl                             text33       002324
__end_of__initialization                      cinit        0029C2
__end_of_abs                                  text25       002B4A
__end_of_fputc                                text23       0028F6
__end_of_i2c1_fsmStateTable                   smallconst   001027
__end_of_main                                 text0        002CB8
__end_of_map                                  text28       00262A
__end_of_putch                                text24       002D40
__end_of_sprintf                              text20       002B16
__end_of_vfpfcnvrt                            text22       002170
__end_of_vfprintf                             text21       002AAC
__initialization                              cinit        002966
__mediumconst                                 mediumconst  000000
__pbssBANK0                                   bssBANK0     000060
__pbssBANK1                                   bssBANK1     000100
__pbssBIGRAM                                  bssBIGRAM    000124
__pbssCOMRAM                                  bssCOMRAM    00005F
__pcinit                                      cinit        002966
__pcstackBANK0                                cstackBANK0  0000D7
__pcstackBANK1                                cstackBANK1  000120
__pcstackCOMRAM                               cstackCOMRAM 000001
__pdataBANK0                                  dataBANK0    0000F7
__pidataBANK0                                 idataBANK0   002D48
__pivt0x8                                     ivt0x8       000008
__pnvBANK0                                    nvBANK0      0000EF
__psmallconst                                 smallconst   001000
__ptext0                                      text0        002C9C
__ptext1                                      text1        002B4A
__ptext10                                     text10       002C38
__ptext11                                     text11       00279E
__ptext12                                     text12       002CEA
__ptext13                                     text13       002D4C
__ptext14                                     text14       002C5C
__ptext15                                     text15       002D40
__ptext16                                     text16       002D02
__ptext17                                     text17       0029C8
__ptext18                                     text18       002AAC
__ptext19                                     text19       001D12
__ptext2                                      text2        0028F6
__ptext20                                     text20       002AE2
__ptext21                                     text21       002A6A
__ptext22                                     text22       001F96
__ptext23                                     text23       00284A
__ptext24                                     text24       002D36
__ptext25                                     text25       002B16
__ptext26                                     text26       0026EE
__ptext27                                     text27       00262A
__ptext28                                     text28       002530
__ptext29                                     text29       002A24
__ptext3                                      text3        002D0E
__ptext30                                     text30       00106A
__ptext31                                     text31       00152A
__ptext32                                     text32       001978
__ptext33                                     text33       002170
__ptext34                                     text34       002324
__ptext35                                     text35       00242C
__ptext36                                     text36       002C0E
__ptext37                                     text37       002CB8
__ptext38                                     text38       002B7C
__ptext39                                     text39       002D50
__ptext4                                      text4        002D18
__ptext40                                     text40       002BAE
__ptext41                                     text41       000000
__ptext5                                      text5        002D22
__ptext6                                      text6        002BE0
__ptext7                                      text7        002D2C
__ptext8                                      text8        002C7E
__ptext9                                      text9        002CD2
__ramtop                                      ramtop       001000
__smallconst                                  smallconst   001000
_abs                                          text25       002B16
_adc_value                                    bssBANK0     0000B0
_amplitud                                     bssBANK0     0000AC
_angulo                                       bssBANK0     0000A8
_bandera                                      bssBANK0     0000BC
_buffer                                       bssBANK0     0000C3
_bufferIndex                                  bssBANK0     0000BA
_dbuf                                         bssBANK1     000100
_flags                                        bssCOMRAM    00005F
_fputc                                        text23       00284A
_i2c1_fsmStateTable                           smallconst   001001
_k                                            bssBANK0     0000B8
_main                                         text0        002C9C
_map                                          text28       002530
_map$3492                                     cstackBANK0  0000D7
_maxSample                                    bssBANK0     0000A4
_prec                                         bssBANK0     0000B6
_puntoDeQuiebre                               dataBANK0    0000F7
_putch                                        text24       002D36
_rd1RegCompleteHandler                        (abs)        000000
_rd2RegCompleteHandler                        (abs)        000000
_rdBlkRegCompleteHandler                      (abs)        000000
_sampleBuffer                                 bssBIGRAM    000124
_sprintf                                      text20       002AE2
_uart1RxLastError                             bssBANK0     0000C2
_vfpfcnvrt                                    text22       001F96
_vfprintf                                     text21       002A6A
_width                                        bssBANK0     0000B4
_wr1RegCompleteHandler                        (abs)        000000
_wr2RegCompleteHandler                        (abs)        000000
_x                                            bssBANK0     000084
abs@a                                         cstackCOMRAM 000007
end_of_initialization                         cinit        0029C2
fputc@c                                       cstackCOMRAM 000003
fputc@fp                                      cstackCOMRAM 000005
intlevel0                                     text         000000
intlevel1                                     text         000000
intlevel2                                     text         000000
intlevel3                                     text         000000
isa$std                                       (abs)        000001
isa$xinst                                     (abs)        000000
ivt0x8_base                                   ivt0x8       000008
map@in_max                                    cstackCOMRAM 000053
map@in_min                                    cstackCOMRAM 00004F
map@out_max                                   cstackCOMRAM 00005B
map@out_min                                   cstackCOMRAM 000057
map@x                                         cstackCOMRAM 00004B
putch@txData                                  cstackCOMRAM 000002
sprintf@ap                                    cstackCOMRAM 00001E
sprintf@f                                     cstackCOMRAM 00001F
sprintf@fmt                                   cstackCOMRAM 00001B
sprintf@s                                     cstackCOMRAM 00001A
stackhi                                       (abs)        000000
stacklo                                       (abs)        000000
start                                         init         00001A
start_initialization                          cinit        002966
vfpfcnvrt@ap                                  cstackCOMRAM 00000D
vfpfcnvrt@c                                   cstackCOMRAM 000015
vfpfcnvrt@convarg                             cstackCOMRAM 000011
vfpfcnvrt@cp                                  cstackCOMRAM 000010
vfpfcnvrt@done                                cstackCOMRAM 00000F
vfpfcnvrt@fmt                                 cstackCOMRAM 00000C
vfpfcnvrt@fp                                  cstackCOMRAM 00000B
vfprintf@ap                                   cstackCOMRAM 000018
vfprintf@cfmt                                 cstackCOMRAM 000019
vfprintf@fmt                                  cstackCOMRAM 000017
vfprintf@fp                                   cstackCOMRAM 000016


MODULE INFORMATION

Module		Function		Class		Link	Load	Size
mcc_generated_files/tmr6.c
		_TMR6_ISR      		CODE           	2B7C	0000	50
		_TMR6_Initialize		CODE           	2BE0	0000	46
		_TMR6_SetInterruptHandler		CODE           	2D2C	0000	10
		_TMR6_DefaultInterruptHandler		CODE           	2D50	0000	2

mcc_generated_files/tmr6.c estimated size: 108

mcc_generated_files/fvr.c
		_FVR_Initialize		CODE           	2D40	0000	8

mcc_generated_files/fvr.c estimated size: 8

mcc_generated_files/i2c1_master.c
		_I2C1_Initialize		CODE           	2C5C	0000	34

mcc_generated_files/i2c1_master.c estimated size: 34

mcc_generated_files/tmr2.c
		_TMR2_Initialize		CODE           	2C7E	0000	30

mcc_generated_files/tmr2.c estimated size: 30

mcc_generated_files/interrupt_manager.c
		_UART_SendString		CODE           	2C0E	0000	42
		_map           		CODE           	2530	0000	250
		_INTERRUPT_Initialize		CODE           	2D4C	0000	4
		_INTERRUPT_InterruptManager		CODE           	1D12	0000	644

mcc_generated_files/interrupt_manager.c estimated size: 940

mcc_generated_files/pin_manager.c
		_PIN_MANAGER_Initialize		CODE           	279E	0000	172

mcc_generated_files/pin_manager.c estimated size: 172

C:\Program Files\Microchip\xc8\v2.45\pic\sources\c99\common\sprcmul.c
		___flmul       		CODE           	152A	0000	1102

C:\Program Files\Microchip\xc8\v2.45\pic\sources\c99\common\sprcmul.c estimated size: 1102

C:\Program Files\Microchip\xc8\v2.45\pic\sources\c99\common\sprcdiv.c
		___fldiv       		CODE           	1978	0000	922

C:\Program Files\Microchip\xc8\v2.45\pic\sources\c99\common\sprcdiv.c estimated size: 922

C:\Program Files\Microchip\xc8\v2.45\pic\sources\c99\common\nf_sprintf.c
		_sprintf       		CODE           	2AE2	0000	52

C:\Program Files\Microchip\xc8\v2.45\pic\sources\c99\common\nf_sprintf.c estimated size: 52

mcc_generated_files/uart1.c
		_UART1_Write   		CODE           	2CB8	0000	26
		_putch         		CODE           	2D36	0000	10
		_UART1_SetFramingErrorHandler		CODE           	2D18	0000	10
		_UART1_SetOverrunErrorHandler		CODE           	2D0E	0000	10
		_UART1_Initialize		CODE           	28F6	0000	112
		_UART1_SetErrorHandler		CODE           	2D22	0000	10

mcc_generated_files/uart1.c estimated size: 178

C:\Program Files\Microchip\xc8\v2.45\pic\sources\c99\common\awmod.c
		___awmod       		CODE           	26EE	0000	176

C:\Program Files\Microchip\xc8\v2.45\pic\sources\c99\common\awmod.c estimated size: 176

C:\Program Files\Microchip\xc8\v2.45\pic\sources\c99\common\flge.c
		___flge        		CODE           	242C	0000	260

C:\Program Files\Microchip\xc8\v2.45\pic\sources\c99\common\flge.c estimated size: 260

shared
		__initialization		CODE           	2966	0000	92
		_i2c1_fsmStateTable		SMALLCONST     	1001	0000	38
		_B             		SMALLCONST     	1027	0000	16

shared estimated size: 146

mcc_generated_files/pwm5.c
		_PWM5_LoadDutyValue		CODE           	2AAC	0000	54
		_PWM5_Initialize		CODE           	2CD2	0000	24

mcc_generated_files/pwm5.c estimated size: 78

C:\Program Files\Microchip\xc8\v2.45\pic\sources\c99\common\xxtofl.c
		___xxtofl      		CODE           	2170	0000	436

C:\Program Files\Microchip\xc8\v2.45\pic\sources\c99\common\xxtofl.c estimated size: 436

C:\Program Files\Microchip\xc8\v2.45\pic\sources\c99\common\abs.c
		_abs           		CODE           	2B16	0000	52

C:\Program Files\Microchip\xc8\v2.45\pic\sources\c99\common\abs.c estimated size: 52

mcc_generated_files/mcc.c
		_PMD_Initialize		CODE           	2C38	0000	36
		_OSCILLATOR_Initialize		CODE           	2CEA	0000	24
		_SYSTEM_Initialize		CODE           	2B4A	0000	50

mcc_generated_files/mcc.c estimated size: 110

mcc_generated_files/dac1.c
		_DAC1_Initialize		CODE           	2D02	0000	12

mcc_generated_files/dac1.c estimated size: 12

C:\Program Files\Microchip\xc8\v2.45\pic\sources\c99\common\sprcadd.c
		___flsub       		CODE           	2A24	0000	70
		___fladd       		CODE           	106A	0000	1216

C:\Program Files\Microchip\xc8\v2.45\pic\sources\c99\common\sprcadd.c estimated size: 1286

mcc_generated_files/adcc.c
		_ADCC_GetSingleConversion		CODE           	2BAE	0000	50
		_ADCC_Initialize		CODE           	29C8	0000	92

mcc_generated_files/adcc.c estimated size: 142

main.c
		_main          		CODE           	2C9C	0000	28

main.c estimated size: 28

C:\Program Files\Microchip\xc8\v2.45\pic\sources\c99\common\nf_fputc.c
		_fputc         		CODE           	284A	0000	172

C:\Program Files\Microchip\xc8\v2.45\pic\sources\c99\common\nf_fputc.c estimated size: 172

C:\Program Files\Microchip\xc8\v2.45\pic\sources\c99\common\doprnt.c
		_vfpfcnvrt     		CODE           	1F96	0000	474
		_vfprintf      		CODE           	2A6A	0000	66

C:\Program Files\Microchip\xc8\v2.45\pic\sources\c99\common\doprnt.c estimated size: 540

C:\Program Files\Microchip\xc8\v2.45\pic\sources\c99\common\awdiv.c
		___awdiv       		CODE           	262A	0000	196

C:\Program Files\Microchip\xc8\v2.45\pic\sources\c99\common\awdiv.c estimated size: 196

C:\Program Files\Microchip\xc8\v2.45\pic\sources\c99\common\fltol.c
		___fltol       		CODE           	2324	0000	264

C:\Program Files\Microchip\xc8\v2.45\pic\sources\c99\common\fltol.c estimated size: 264

